Component: ARM Compiler 5.06 update 7 (build 960) Tool: armlink [4d3601]

==============================================================================

Section Cross References

    startup_stm32f103xb.o(RESET) refers to startup_stm32f103xb.o(STACK) for __initial_sp
    startup_stm32f103xb.o(RESET) refers to startup_stm32f103xb.o(.text) for Reset_Handler
    startup_stm32f103xb.o(RESET) refers to stm32f1xx_it.o(i.NMI_Handler) for NMI_Handler
    startup_stm32f103xb.o(RESET) refers to stm32f1xx_it.o(i.HardFault_Handler) for HardFault_Handler
    startup_stm32f103xb.o(RESET) refers to stm32f1xx_it.o(i.MemManage_Handler) for MemManage_Handler
    startup_stm32f103xb.o(RESET) refers to stm32f1xx_it.o(i.BusFault_Handler) for BusFault_Handler
    startup_stm32f103xb.o(RESET) refers to stm32f1xx_it.o(i.UsageFault_Handler) for UsageFault_Handler
    startup_stm32f103xb.o(RESET) refers to stm32f1xx_it.o(i.SVC_Handler) for SVC_Handler
    startup_stm32f103xb.o(RESET) refers to stm32f1xx_it.o(i.DebugMon_Handler) for DebugMon_Handler
    startup_stm32f103xb.o(RESET) refers to stm32f1xx_it.o(i.PendSV_Handler) for PendSV_Handler
    startup_stm32f103xb.o(RESET) refers to stm32f1xx_it.o(i.SysTick_Handler) for SysTick_Handler
    startup_stm32f103xb.o(RESET) refers to stm32f1xx_it.o(i.DMA1_Channel1_IRQHandler) for DMA1_Channel1_IRQHandler
    startup_stm32f103xb.o(RESET) refers to stm32f1xx_it.o(i.DMA1_Channel3_IRQHandler) for DMA1_Channel3_IRQHandler
    startup_stm32f103xb.o(RESET) refers to stm32f1xx_it.o(i.EXTI9_5_IRQHandler) for EXTI9_5_IRQHandler
    startup_stm32f103xb.o(RESET) refers to stm32f1xx_it.o(i.EXTI15_10_IRQHandler) for EXTI15_10_IRQHandler
    startup_stm32f103xb.o(.text) refers to system_stm32f1xx.o(i.SystemInit) for SystemInit
    startup_stm32f103xb.o(.text) refers to entry.o(.ARM.Collect$$$$00000000) for __main
    fonts.o(.data) refers to fonts.o(.constdata) for Font7x10
    fonts.o(.data) refers to fonts.o(.constdata) for Font11x18
    fonts.o(.data) refers to fonts.o(.constdata) for Font16x26
    st7789.o(i.ST7789_DrawCircle) refers to st7789.o(i.ST7789_DrawPixel) for ST7789_DrawPixel
    st7789.o(i.ST7789_DrawFastHLine) refers to st7789.o(i.ST7789_SetAddressWindow) for ST7789_SetAddressWindow
    st7789.o(i.ST7789_DrawFastHLine) refers to main.o(.bss) for hspi1
    st7789.o(i.ST7789_DrawFastVLine) refers to st7789.o(i.ST7789_SetAddressWindow) for ST7789_SetAddressWindow
    st7789.o(i.ST7789_DrawFastVLine) refers to main.o(.bss) for hspi1
    st7789.o(i.ST7789_DrawFloat) refers to fdiv.o(.text) for __aeabi_fdiv
    st7789.o(i.ST7789_DrawFloat) refers to cfrcmple.o(.text) for __aeabi_cfrcmple
    st7789.o(i.ST7789_DrawFloat) refers to fadd.o(.text) for __aeabi_fadd
    st7789.o(i.ST7789_DrawFloat) refers to strcpy.o(.text) for strcpy
    st7789.o(i.ST7789_DrawFloat) refers to ffixui.o(.text) for __aeabi_f2uiz
    st7789.o(i.ST7789_DrawFloat) refers to st7789.o(i.ltoa) for ltoa
    st7789.o(i.ST7789_DrawFloat) refers to ffltui.o(.text) for __aeabi_ui2f
    st7789.o(i.ST7789_DrawFloat) refers to fmul.o(.text) for __aeabi_fmul
    st7789.o(i.ST7789_DrawFloat) refers to st7789.o(i.ST7789_WriteString) for ST7789_WriteString
    st7789.o(i.ST7789_DrawHLine) refers to st7789.o(i.ST7789_FillRectangle) for ST7789_FillRectangle
    st7789.o(i.ST7789_DrawLine) refers to st7789.o(i.ST7789_DrawPixel) for ST7789_DrawPixel
    st7789.o(i.ST7789_DrawNumber) refers to st7789.o(i.ltoa) for ltoa
    st7789.o(i.ST7789_DrawNumber) refers to st7789.o(i.ST7789_WriteString) for ST7789_WriteString
    st7789.o(i.ST7789_DrawPixel) refers to st7789.o(i.ST7789_SetAddressWindow) for ST7789_SetAddressWindow
    st7789.o(i.ST7789_DrawPixel) refers to main.o(.bss) for hspi1
    st7789.o(i.ST7789_DrawVLine) refers to st7789.o(i.ST7789_FillRectangle) for ST7789_FillRectangle
    st7789.o(i.ST7789_ExecuteCommandList) refers to stm32f1xx_hal_spi.o(i.HAL_SPI_Transmit) for HAL_SPI_Transmit
    st7789.o(i.ST7789_ExecuteCommandList) refers to stm32f1xx_ll_utils.o(i.LL_mDelay) for LL_mDelay
    st7789.o(i.ST7789_ExecuteCommandList) refers to main.o(.bss) for hspi1
    st7789.o(i.ST7789_FillRectangle) refers to st7789.o(i.ST7789_SetAddressWindow) for ST7789_SetAddressWindow
    st7789.o(i.ST7789_FillRectangle) refers to main.o(.bss) for hspi1
    st7789.o(i.ST7789_FillScreen) refers to st7789.o(i.ST7789_SetAddressWindow) for ST7789_SetAddressWindow
    st7789.o(i.ST7789_FillScreen) refers to main.o(.bss) for hspi1
    st7789.o(i.ST7789_Init) refers to stm32f1xx_ll_utils.o(i.LL_mDelay) for LL_mDelay
    st7789.o(i.ST7789_Init) refers to st7789.o(i.ST7789_ExecuteCommandList) for ST7789_ExecuteCommandList
    st7789.o(i.ST7789_Init) refers to st7789.o(i.ST7789_SetRotation) for ST7789_SetRotation
    st7789.o(i.ST7789_Init) refers to main.o(.bss) for hspi1
    st7789.o(i.ST7789_Init) refers to st7789.o(.constdata) for .constdata
[...]
    Removing stm32f1xx_hal_tim.o(i.HAL_TIM_DMABurst_MultiWriteStart), (324 bytes).
    Removing stm32f1xx_hal_tim.o(i.HAL_TIM_DMABurst_ReadStart), (18 bytes).
    Removing stm32f1xx_hal_tim.o(i.HAL_TIM_DMABurst_ReadStop), (102 bytes).
    Removing stm32f1xx_hal_tim.o(i.HAL_TIM_DMABurst_WriteStart), (18 bytes).
    Removing stm32f1xx_hal_tim.o(i.HAL_TIM_DMABurst_WriteStop), (102 bytes).
    Removing stm32f1xx_hal_tim.o(i.HAL_TIM_Encoder_DeInit), (76 bytes).
    Removing stm32f1xx_hal_tim.o(i.HAL_TIM_Encoder_GetState), (6 bytes).
    Removing stm32f1xx_hal_tim.o(i.HAL_TIM_Encoder_Init), (164 bytes).
    Removing stm32f1xx_hal_tim.o(i.HAL_TIM_Encoder_MspDeInit), (2 bytes).
    Removing stm32f1xx_hal_tim.o(i.HAL_TIM_Encoder_MspInit), (2 bytes).
    Removing stm32f1xx_hal_tim.o(i.HAL_TIM_Encoder_Start), (142 bytes).
    Removing stm32f1xx_hal_tim.o(i.HAL_TIM_Encoder_Start_DMA), (460 bytes).
    Removing stm32f1xx_hal_tim.o(i.HAL_TIM_Encoder_Start_IT), (182 bytes).
    Removing stm32f1xx_hal_tim.o(i.HAL_TIM_Encoder_Stop), (102 bytes).
    Removing stm32f1xx_hal_tim.o(i.HAL_TIM_Encoder_Stop_DMA), (172 bytes).
    Removing stm32f1xx_hal_tim.o(i.HAL_TIM_Encoder_Stop_IT), (144 bytes).
    Removing stm32f1xx_hal_tim.o(i.HAL_TIM_ErrorCallback), (2 bytes).
    Removing stm32f1xx_hal_tim.o(i.HAL_TIM_GenerateEvent), (38 bytes).
    Removing stm32f1xx_hal_tim.o(i.HAL_TIM_GetActiveChannel), (4 bytes).
    Removing stm32f1xx_hal_tim.o(i.HAL_TIM_GetChannelState), (34 bytes).
    Removing stm32f1xx_hal_tim.o(i.HAL_TIM_IC_CaptureCallback), (2 bytes).
    Removing stm32f1xx_hal_tim.o(i.HAL_TIM_IC_CaptureHalfCpltCallback), (2 bytes).
    Removing stm32f1xx_hal_tim.o(i.HAL_TIM_IC_ConfigChannel), (270 bytes).
    Removing stm32f1xx_hal_tim.o(i.HAL_TIM_IC_DeInit), (92 bytes).
    Removing stm32f1xx_hal_tim.o(i.HAL_TIM_IC_GetState), (6 bytes).
    Removing stm32f1xx_hal_tim.o(i.HAL_TIM_IC_Init), (90 bytes).
    Removing stm32f1xx_hal_tim.o(i.HAL_TIM_IC_MspDeInit), (2 bytes).
    Removing stm32f1xx_hal_tim.o(i.HAL_TIM_IC_MspInit), (2 bytes).
    Removing stm32f1xx_hal_tim.o(i.HAL_TIM_IC_Start), (184 bytes).
    Removing stm32f1xx_hal_tim.o(i.HAL_TIM_IC_Start_DMA), (404 bytes).
    Removing stm32f1xx_hal_tim.o(i.HAL_TIM_IC_Start_IT), (224 bytes).
    Removing stm32f1xx_hal_tim.o(i.HAL_TIM_IC_Stop), (82 bytes).
    Removing stm32f1xx_hal_tim.o(i.HAL_TIM_IC_Stop_DMA), (156 bytes).
    Removing stm32f1xx_hal_tim.o(i.HAL_TIM_IC_Stop_IT), (134 bytes).
    Removing stm32f1xx_hal_tim.o(i.HAL_TIM_IRQHandler), (358 bytes).
    Removing stm32f1xx_hal_tim.o(i.HAL_TIM_OC_ConfigChannel), (76 bytes).
    Removing stm32f1xx_hal_tim.o(i.HAL_TIM_OC_DeInit), (92 bytes).
    Removing stm32f1xx_hal_tim.o(i.HAL_TIM_OC_DelayElapsedCallback), (2 bytes).
    Removing stm32f1xx_hal_tim.o(i.HAL_TIM_OC_GetState), (6 bytes).
    Removing stm32f1xx_hal_tim.o(i.HAL_TIM_OC_Init), (90 bytes).
    Removing stm32f1xx_hal_tim.o(i.HAL_TIM_OC_MspDeInit), (2 bytes).
    Removing stm32f1xx_hal_tim.o(i.HAL_TIM_OC_MspInit), (2 bytes).
    Removing stm32f1xx_hal_tim.o(i.HAL_TIM_OC_Start), (156 bytes).
    Removing stm32f1xx_hal_tim.o(i.HAL_TIM_OC_Start_DMA), (388 bytes).
    Removing stm32f1xx_hal_tim.o(i.HAL_TIM_OC_Start_IT), (196 bytes).
    Removing stm32f1xx_hal_tim.o(i.HAL_TIM_OC_Stop), (112 bytes).
    Removing stm32f1xx_hal_tim.o(i.HAL_TIM_OC_Stop_DMA), (184 bytes).
    Removing stm32f1xx_hal_tim.o(i.HAL_TIM_OC_Stop_IT), (164 bytes).
    Removing stm32f1xx_hal_tim.o(i.HAL_TIM_OnePulse_ConfigChannel), (218 bytes).
    Removing stm32f1xx_hal_tim.o(i.HAL_TIM_OnePulse_DeInit), (76 bytes).
    Removing stm32f1xx_hal_tim.o(i.HAL_TIM_OnePulse_GetState), (6 bytes).
    Removing stm32f1xx_hal_tim.o(i.HAL_TIM_OnePulse_Init), (86 bytes).
    Removing stm32f1xx_hal_tim.o(i.HAL_TIM_OnePulse_MspDeInit), (2 bytes).
    Removing stm32f1xx_hal_tim.o(i.HAL_TIM_OnePulse_MspInit), (2 bytes).
    Removing stm32f1xx_hal_tim.o(i.HAL_TIM_OnePulse_Start), (104 bytes).
    Removing stm32f1xx_hal_tim.o(i.HAL_TIM_OnePulse_Start_IT), (124 bytes).
    Removing stm32f1xx_hal_tim.o(i.HAL_TIM_OnePulse_Stop), (100 bytes).
    Removing stm32f1xx_hal_tim.o(i.HAL_TIM_OnePulse_Stop_IT), (120 bytes).
    Removing stm32f1xx_hal_tim.o(i.HAL_TIM_PWM_DeInit), (92 bytes).
    Removing stm32f1xx_hal_tim.o(i.HAL_TIM_PWM_GetState), (6 bytes).
    Removing stm32f1xx_hal_tim.o(i.HAL_TIM_PWM_MspDeInit), (2 bytes).
    Removing stm32f1xx_hal_tim.o(i.HAL_TIM_PWM_PulseFinishedCallback), (2 bytes).
    Removing stm32f1xx_hal_tim.o(i.HAL_TIM_PWM_PulseFinishedHalfCpltCallback), (2 bytes).
    Removing stm32f1xx_hal_tim.o(i.HAL_TIM_PWM_Start_DMA), (388 bytes).
    Removing stm32f1xx_hal_tim.o(i.HAL_TIM_PWM_Start_IT), (196 bytes).
    Removing stm32f1xx_hal_tim.o(i.HAL_TIM_PWM_Stop), (112 bytes).
    Removing stm32f1xx_hal_tim.o(i.HAL_TIM_PWM_Stop_DMA), (184 bytes).
    Removing stm32f1xx_hal_tim.o(i.HAL_TIM_PWM_Stop_IT), (164 bytes).
    Removing stm32f1xx_hal_tim.o(i.HAL_TIM_PeriodElapsedCallback), (2 bytes).
    Removing stm32f1xx_hal_tim.o(i.HAL_TIM_PeriodElapsedHalfCpltCallback), (2 bytes).
    Removing stm32f1xx_hal_tim.o(i.HAL_TIM_ReadCapturedValue), (42 bytes).
    Removing stm32f1xx_hal_tim.o(i.HAL_TIM_SlaveConfigSynchro), (86 bytes).
    Removing stm32f1xx_hal_tim.o(i.HAL_TIM_SlaveConfigSynchro_IT), (86 bytes).
    Removing stm32f1xx_hal_tim.o(i.HAL_TIM_TriggerCallback), (2 bytes).
    Removing stm32f1xx_hal_tim.o(i.HAL_TIM_TriggerHalfCpltCallback), (2 bytes).
    Removing stm32f1xx_hal_tim.o(i.TIM_DMACaptureCplt), (110 bytes).
    Removing stm32f1xx_hal_tim.o(i.TIM_DMACaptureHalfCplt), (56 bytes).
    Removing stm32f1xx_hal_tim.o(i.TIM_DMADelayPulseCplt), (94 bytes).
    Removing stm32f1xx_hal_tim.o(i.TIM_DMADelayPulseHalfCplt), (56 bytes).
    Removing stm32f1xx_hal_tim.o(i.TIM_DMAError), (84 bytes).
    Removing stm32f1xx_hal_tim.o(i.TIM_DMAPeriodElapsedCplt), (22 bytes).
    Removing stm32f1xx_hal_tim.o(i.TIM_DMAPeriodElapsedHalfCplt), (10 bytes).
    Removing stm32f1xx_hal_tim.o(i.TIM_DMATriggerCplt), (22 bytes).
    Removing stm32f1xx_hal_tim.o(i.TIM_DMATriggerHalfCplt), (10 bytes).
    Removing stm32f1xx_hal_tim.o(i.TIM_SlaveTimer_SetConfig), (134 bytes).
    Removing stm32f1xx_hal_tim.o(i.TIM_TI1_SetConfig), (88 bytes).
    Removing stm32f1xx_hal_tim.o(i.TIM_TI2_SetConfig), (54 bytes).
    Removing stm32f1xx_hal_tim_ex.o(.rev16_text), (4 bytes).
    Removing stm32f1xx_hal_tim_ex.o(.revsh_text), (4 bytes).
    Removing stm32f1xx_hal_tim_ex.o(.rrx_text), (6 bytes).
    Removing stm32f1xx_hal_tim_ex.o(i.HAL_TIMEx_BreakCallback), (2 bytes).
    Removing stm32f1xx_hal_tim_ex.o(i.HAL_TIMEx_CommutCallback), (2 bytes).
    Removing stm32f1xx_hal_tim_ex.o(i.HAL_TIMEx_CommutHalfCpltCallback), (2 bytes).
    Removing stm32f1xx_hal_tim_ex.o(i.HAL_TIMEx_ConfigBreakDeadTime), (84 bytes).
    Removing stm32f1xx_hal_tim_ex.o(i.HAL_TIMEx_ConfigCommutEvent), (112 bytes).
    Removing stm32f1xx_hal_tim_ex.o(i.HAL_TIMEx_ConfigCommutEvent_DMA), (144 bytes).
    Removing stm32f1xx_hal_tim_ex.o(i.HAL_TIMEx_ConfigCommutEvent_IT), (112 bytes).
    Removing stm32f1xx_hal_tim_ex.o(i.HAL_TIMEx_GetChannelNState), (34 bytes).
    Removing stm32f1xx_hal_tim_ex.o(i.HAL_TIMEx_HallSensor_DeInit), (76 bytes).
    Removing stm32f1xx_hal_tim_ex.o(i.HAL_TIMEx_HallSensor_GetState), (6 bytes).
    Removing stm32f1xx_hal_tim_ex.o(i.HAL_TIMEx_HallSensor_Init), (208 bytes).
    Removing stm32f1xx_hal_tim_ex.o(i.HAL_TIMEx_HallSensor_MspDeInit), (2 bytes).
    Removing stm32f1xx_hal_tim_ex.o(i.HAL_TIMEx_HallSensor_MspInit), (2 bytes).
    Removing stm32f1xx_hal_tim_ex.o(i.HAL_TIMEx_HallSensor_Start), (128 bytes).
    Removing stm32f1xx_hal_tim_ex.o(i.HAL_TIMEx_HallSensor_Start_DMA), (184 bytes).
    Removing stm32f1xx_hal_tim_ex.o(i.HAL_TIMEx_HallSensor_Start_IT), (140 bytes).
    Removing stm32f1xx_hal_tim_ex.o(i.HAL_TIMEx_HallSensor_Stop), (58 bytes).
    Removing stm32f1xx_hal_tim_ex.o(i.HAL_TIMEx_HallSensor_Stop_DMA), (70 bytes).
    Removing stm32f1xx_hal_tim_ex.o(i.HAL_TIMEx_HallSensor_Stop_IT), (68 bytes).
    Removing stm32f1xx_hal_tim_ex.o(i.HAL_TIMEx_OCN_Start), (152 bytes).
    Removing stm32f1xx_hal_tim_ex.o(i.HAL_TIMEx_OCN_Start_DMA), (336 bytes).
    Removing stm32f1xx_hal_tim_ex.o(i.HAL_TIMEx_OCN_Start_IT), (188 bytes).
    Removing stm32f1xx_hal_tim_ex.o(i.HAL_TIMEx_OCN_Stop), (104 bytes).
    Removing stm32f1xx_hal_tim_ex.o(i.HAL_TIMEx_OCN_Stop_DMA), (158 bytes).
    Removing stm32f1xx_hal_tim_ex.o(i.HAL_TIMEx_OCN_Stop_IT), (160 bytes).
    Removing stm32f1xx_hal_tim_ex.o(i.HAL_TIMEx_OnePulseN_Start), (100 bytes).
    Removing stm32f1xx_hal_tim_ex.o(i.HAL_TIMEx_OnePulseN_Start_IT), (120 bytes).
    Removing stm32f1xx_hal_tim_ex.o(i.HAL_TIMEx_OnePulseN_Stop), (98 bytes).
    Removing stm32f1xx_hal_tim_ex.o(i.HAL_TIMEx_OnePulseN_Stop_IT), (120 bytes).
    Removing stm32f1xx_hal_tim_ex.o(i.HAL_TIMEx_PWMN_Start), (152 bytes).
    Removing stm32f1xx_hal_tim_ex.o(i.HAL_TIMEx_PWMN_Start_DMA), (336 bytes).
    Removing stm32f1xx_hal_tim_ex.o(i.HAL_TIMEx_PWMN_Start_IT), (188 bytes).
    Removing stm32f1xx_hal_tim_ex.o(i.HAL_TIMEx_PWMN_Stop), (104 bytes).
    Removing stm32f1xx_hal_tim_ex.o(i.HAL_TIMEx_PWMN_Stop_DMA), (158 bytes).
    Removing stm32f1xx_hal_tim_ex.o(i.HAL_TIMEx_PWMN_Stop_IT), (160 bytes).
    Removing stm32f1xx_hal_tim_ex.o(i.HAL_TIMEx_RemapConfig), (4 bytes).
    Removing stm32f1xx_hal_tim_ex.o(i.TIMEx_DMACommutationCplt), (16 bytes).
    Removing stm32f1xx_hal_tim_ex.o(i.TIMEx_DMACommutationHalfCplt), (16 bytes).
    Removing stm32f1xx_hal_tim_ex.o(i.TIM_CCxNChannelCmd), (26 bytes).
    Removing stm32f1xx_hal_tim_ex.o(i.TIM_DMADelayPulseNCplt), (94 bytes).
    Removing stm32f1xx_hal_tim_ex.o(i.TIM_DMAErrorCCxN), (62 bytes).
    Removing stm32f1xx_ll_tim.o(.rev16_text), (4 bytes).
    Removing stm32f1xx_ll_tim.o(.revsh_text), (4 bytes).
    Removing stm32f1xx_ll_tim.o(.rrx_text), (6 bytes).
    Removing stm32f1xx_ll_tim.o(i.LL_TIM_BDTR_Init), (58 bytes).
    Removing stm32f1xx_ll_tim.o(i.LL_TIM_BDTR_StructInit), (18 bytes).
    Removing stm32f1xx_ll_tim.o(i.LL_TIM_DeInit), (120 bytes).
    Removing stm32f1xx_ll_tim.o(i.LL_TIM_ENCODER_Init), (96 bytes).
    Removing stm32f1xx_ll_tim.o(i.LL_TIM_ENCODER_StructInit), (28 bytes).
    Removing stm32f1xx_ll_tim.o(i.LL_TIM_HALLSENSOR_Init), (86 bytes).
    Removing stm32f1xx_ll_tim.o(i.LL_TIM_HALLSENSOR_StructInit), (12 bytes).
    Removing stm32f1xx_ll_tim.o(i.LL_TIM_IC_Init), (224 bytes).
    Removing stm32f1xx_ll_tim.o(i.LL_TIM_IC_StructInit), (16 bytes).
    Removing stm32f1xx_ll_tim.o(i.LL_TIM_OC_Init), (396 bytes).
    Removing stm32f1xx_ll_tim.o(i.LL_TIM_OC_StructInit), (20 bytes).
    Removing stm32f1xx_ll_tim.o(i.LL_TIM_StructInit), (16 bytes).
    Removing system_stm32f1xx.o(.rev16_text), (4 bytes).
    Removing system_stm32f1xx.o(.revsh_text), (4 bytes).
    Removing system_stm32f1xx.o(.rrx_text), (6 bytes).
    Removing system_stm32f1xx.o(i.SystemCoreClockUpdate), (104 bytes).
    Removing system_stm32f1xx.o(.constdata), (16 bytes).
    Removing system_stm32f1xx.o(.constdata), (8 bytes).
    Removing cfrcmple.o(.text), (20 bytes).

459 unused section(s) (total 34643 bytes) removed from the image.

==============================================================================

Image Symbol Table

    Local Symbols

    Symbol Name                              Value     Ov Type        Size  Object(Section)

    ../Core/Src/main.c                       0x00000000   Number         0  main.o ABSOLUTE
    ../Core/Src/stm32f1xx_hal_msp.c          0x00000000   Number         0  stm32f1xx_hal_msp.o ABSOLUTE
    ../Core/Src/stm32f1xx_it.c               0x00000000   Number         0  stm32f1xx_it.o ABSOLUTE
    ../Core/Src/system_stm32f1xx.c           0x00000000   Number         0  system_stm32f1xx.o ABSOLUTE
    ../Drivers/STM32F1xx_HAL_Driver/Src/stm32f1xx_hal.c 0x00000000   Number         0  stm32f1xx_hal.o ABSOLUTE
    ../Drivers/STM32F1xx_HAL_Driver/Src/stm32f1xx_hal_cortex.c 0x00000000   Number         0  stm32f1xx_hal_cortex.o ABSOLUTE
    ../Drivers/STM32F1xx_HAL_Driver/Src/stm32f1xx_hal_dma.c 0x00000000   Number         0  stm32f1xx_hal_dma.o ABSOLUTE
    ../Drivers/STM32F1xx_HAL_Driver/Src/stm32f1xx_hal_exti.c 0x00000000   Number         0  stm32f1xx_hal_exti.o ABSOLUTE
    ../Drivers/STM32F1xx_HAL_Driver/Src/stm32f1xx_hal_flash.c 0x00000000   Number         0  stm32f1xx_hal_flash.o ABSOLUTE
    ../Drivers/STM32F1xx_HAL_Driver/Src/stm32f1xx_hal_flash_ex.c 0x00000000   Number         0  stm32f1xx_hal_flash_ex.o ABSOLUTE
    ../Drivers/STM32F1xx_HAL_Driver/Src/stm32f1xx_hal_gpio.c 0x00000000   Number         0  stm32f1xx_hal_gpio.o ABSOLUTE
    ../Drivers/STM32F1xx_HAL_Driver/Src/stm32f1xx_hal_gpio_ex.c 0x00000000   Number         0  stm32f1xx_hal_gpio_ex.o ABSOLUTE
    ../Drivers/STM32F1xx_HAL_Driver/Src/stm32f1xx_hal_pwr.c 0x00000000   Number         0  stm32f1xx_hal_pwr.o ABSOLUTE
    ../Drivers/STM32F1xx_HAL_Driver/Src/stm32f1xx_hal_rcc.c 0x00000000   Number         0  stm32f1xx_hal_rcc.o ABSOLUTE
    ../Drivers/STM32F1xx_HAL_Driver/Src/stm32f1xx_hal_rcc_ex.c 0x00000000   Number         0  stm32f1xx_hal_rcc_ex.o ABSOLUTE
    ../Drivers/STM32F1xx_HAL_Driver/Src/stm32f1xx_hal_spi.c 0x00000000   Number         0  stm32f1xx_hal_spi.o ABSOLUTE
    ../Drivers/STM32F1xx_HAL_Driver/Src/stm32f1xx_hal_tim.c 0x00000000   Number         0  stm32f1xx_hal_tim.o ABSOLUTE
    ../Drivers/STM32F1xx_HAL_Driver/Src/stm32f1xx_hal_tim_ex.c 0x00000000   Number         0  stm32f1xx_hal_tim_ex.o ABSOLUTE
    ../Drivers/STM32F1xx_HAL_Driver/Src/stm32f1xx_ll_adc.c 0x00000000   Number         0  stm32f1xx_ll_adc.o ABSOLUTE
    ../Drivers/STM32F1xx_HAL_Driver/Src/stm32f1xx_ll_dma.c 0x00000000   Number         0  stm32f1xx_ll_dma.o ABSOLUTE
    ../Drivers/STM32F1xx_HAL_Driver/Src/stm32f1xx_ll_exti.c 0x00000000   Number         0  stm32f1xx_ll_exti.o ABSOLUTE
    ../Drivers/STM32F1xx_HAL_Driver/Src/stm32f1xx_ll_gpio.c 0x00000000   Number         0  stm32f1xx_ll_gpio.o ABSOLUTE
    ../Drivers/STM32F1xx_HAL_Driver/Src/stm32f1xx_ll_rcc.c 0x00000000   Number         0  stm32f1xx_ll_rcc.o ABSOLUTE
    ../Drivers/STM32F1xx_HAL_Driver/Src/stm32f1xx_ll_tim.c 0x00000000   Number         0  stm32f1xx_ll_tim.o ABSOLUTE
    ../Drivers/STM32F1xx_HAL_Driver/Src/stm32f1xx_ll_utils.c 0x00000000   Number         0  stm32f1xx_ll_utils.o ABSOLUTE
    ../clib/microlib/init/entry.s            0x00000000   Number         0  entry8b.o ABSOLUTE
    ../clib/microlib/init/entry.s            0x00000000   Number         0  entry9a.o ABSOLUTE
    ../clib/microlib/init/entry.s            0x00000000   Number         0  entry10b.o ABSOLUTE
    ../clib/microlib/init/entry.s            0x00000000   Number         0  entry9b.o ABSOLUTE
    ../clib/microlib/init/entry.s            0x00000000   Number         0  entry.o ABSOLUTE
    ../clib/microlib/init/entry.s            0x00000000   Number         0  entry12b.o ABSOLUTE
    ../clib/microlib/init/entry.s            0x00000000   Number         0  entry12a.o ABSOLUTE
    ../clib/microlib/init/entry.s            0x00000000   Number         0  entry11b.o ABSOLUTE
    ../clib/microlib/init/entry.s            0x00000000   Number         0  entry10a.o ABSOLUTE
    ../clib/microlib/init/entry.s            0x00000000   Number         0  entry11a.o ABSOLUTE
    ../clib/microlib/init/entry.s            0x00000000   Number         0  entry8a.o ABSOLUTE
    ../clib/microlib/init/entry.s            0x00000000   Number         0  entry7b.o ABSOLUTE
    ../clib/microlib/init/entry.s            0x00000000   Number         0  entry7a.o ABSOLUTE
    ../clib/microlib/init/entry.s            0x00000000   Number         0  entry5.o ABSOLUTE
    ../clib/microlib/init/entry.s            0x00000000   Number         0  entry2.o ABSOLUTE
    ../clib/microlib/longlong.c              0x00000000   Number         0  llshl.o ABSOLUTE
    ../clib/microlib/longlong.c              0x00000000   Number         0  llushr.o ABSOLUTE
    ../clib/microlib/longlong.c              0x00000000   Number         0  llsshr.o ABSOLUTE
    ../clib/microlib/string/memset.c         0x00000000   Number         0  memseta.o ABSOLUTE
    ../clib/microlib/string/strcpy.c         0x00000000   Number         0  strcpy.o ABSOLUTE
    ../clib/microlib/stubs.s                 0x00000000   Number         0  iusefp.o ABSOLUTE
    ../fplib/microlib/f2d.c                  0x00000000   Number         0  f2d.o ABSOLUTE
    ../fplib/microlib/fpadd.c                0x00000000   Number         0  fadd.o ABSOLUTE
    ../fplib/microlib/fpadd.c                0x00000000   Number         0  dadd.o ABSOLUTE
    ../fplib/microlib/fpdiv.c                0x00000000   Number         0  fdiv.o ABSOLUTE
    ../fplib/microlib/fpdiv.c                0x00000000   Number         0  ddiv.o ABSOLUTE
    ../fplib/microlib/fpepilogue.c           0x00000000   Number         0  depilogue.o ABSOLUTE
    ../fplib/microlib/fpepilogue.c           0x00000000   Number         0  fepilogue.o ABSOLUTE
    ../fplib/microlib/fpfix.c                0x00000000   Number         0  ffixi.o ABSOLUTE
    ../fplib/microlib/fpfix.c                0x00000000   Number         0  ffixui.o ABSOLUTE
    ../fplib/microlib/fpfix.c                0x00000000   Number         0  dfixi.o ABSOLUTE
    ../fplib/microlib/fpflt.c                0x00000000   Number         0  ffltui.o ABSOLUTE
    ../fplib/microlib/fpflt.c                0x00000000   Number         0  dflti.o ABSOLUTE
    ../fplib/microlib/fpflt.c                0x00000000   Number         0  fflti.o ABSOLUTE
    ../fplib/microlib/fpmul.c                0x00000000   Number         0  dmul.o ABSOLUTE
    ../fplib/microlib/fpmul.c                0x00000000   Number         0  fmul.o ABSOLUTE
    ../fplib/microlib/fpscalb.c              0x00000000   Number         0  fscalb.o ABSOLUTE
    ..\Core\Src\fonts.c                      0x00000000   Number         0  fonts.o ABSOLUTE
    ..\Core\Src\main.c                       0x00000000   Number         0  main.o ABSOLUTE
    ..\Core\Src\st7789.c                     0x00000000   Number         0  st7789.o ABSOLUTE
    ..\Core\Src\stm32f1xx_hal_msp.c          0x00000000   Number         0  stm32f1xx_hal_msp.o ABSOLUTE
    ..\Core\Src\stm32f1xx_it.c               0x00000000   Number         0  stm32f1xx_it.o ABSOLUTE
    ..\Core\Src\system_stm32f1xx.c           0x00000000   Number         0  system_stm32f1xx.o ABSOLUTE
    ..\Drivers\STM32F1xx_HAL_Driver\Src\stm32f1xx_hal.c 0x00000000   Number         0  stm32f1xx_hal.o ABSOLUTE
    ..\Drivers\STM32F1xx_HAL_Driver\Src\stm32f1xx_hal_cortex.c 0x00000000   Number         0  stm32f1xx_hal_cortex.o ABSOLUTE
    ..\Drivers\STM32F1xx_HAL_Driver\Src\stm32f1xx_hal_dma.c 0x00000000   Number         0  stm32f1xx_hal_dma.o ABSOLUTE
    ..\Drivers\STM32F1xx_HAL_Driver\Src\stm32f1xx_hal_exti.c 0x00000000   Number         0  stm32f1xx_hal_exti.o ABSOLUTE
    ..\Drivers\STM32F1xx_HAL_Driver\Src\stm32f1xx_hal_flash.c 0x00000000   Number         0  stm32f1xx_hal_flash.o ABSOLUTE
    ..\Drivers\STM32F1xx_HAL_Driver\Src\stm32f1xx_hal_flash_ex.c 0x00000000   Number         0  stm32f1xx_hal_flash_ex.o ABSOLUTE
    ..\Drivers\STM32F1xx_HAL_Driver\Src\stm32f1xx_hal_gpio.c 0x00000000   Number         0  stm32f1xx_hal_gpio.o ABSOLUTE
    ..\Drivers\STM32F1xx_HAL_Driver\Src\stm32f1xx_hal_gpio_ex.c 0x00000000   Number         0  stm32f1xx_hal_gpio_ex.o ABSOLUTE
    ..\Drivers\STM32F1xx_HAL_Driver\Src\stm32f1xx_hal_pwr.c 0x00000000   Number         0  stm32f1xx_hal_pwr.o ABSOLUTE
    ..\Drivers\STM32F1xx_HAL_Driver\Src\stm32f1xx_hal_rcc.c 0x00000000   Number         0  stm32f1xx_hal_rcc.o ABSOLUTE
    ..\Drivers\STM32F1xx_HAL_Driver\Src\stm32f1xx_hal_rcc_ex.c 0x00000000   Number         0  stm32f1xx_hal_rcc_ex.o ABSOLUTE
    ..\Drivers\STM32F1xx_HAL_Driver\Src\stm32f1xx_hal_spi.c 0x00000000   Number         0  stm32f1xx_hal_spi.o ABSOLUTE
    ..\Drivers\STM32F1xx_HAL_Driver\Src\stm32f1xx_hal_tim.c 0x00000000   Number         0  stm32f1xx_hal_tim.o ABSOLUTE
    ..\Drivers\STM32F1xx_HAL_Driver\Src\stm32f1xx_hal_tim_ex.c 0x00000000   Number         0  stm32f1xx_hal_tim_ex.o ABSOLUTE
    ..\Drivers\STM32F1xx_HAL_Driver\Src\stm32f1xx_ll_adc.c 0x00000000   Number         0  stm32f1xx_ll_adc.o ABSOLUTE
    ..\Drivers\STM32F1xx_HAL_Driver\Src\stm32f1xx_ll_dma.c 0x00000000   Number         0  stm32f1xx_ll_dma.o ABSOLUTE
    ..\Drivers\STM32F1xx_HAL_Driver\Src\stm32f1xx_ll_exti.c 0x00000000   Number         0  stm32f1xx_ll_exti.o ABSOLUTE
    ..\Drivers\STM32F1xx_HAL_Driver\Src\stm32f1xx_ll_gpio.c 0x00000000   Number         0  stm32f1xx_ll_gpio.o ABSOLUTE
    ..\Drivers\STM32F1xx_HAL_Driver\Src\stm32f1xx_ll_rcc.c 0x00000000   Number         0  stm32f1xx_ll_rcc.o ABSOLUTE
    ..\Drivers\STM32F1xx_HAL_Driver\Src\stm32f1xx_ll_tim.c 0x00000000   Number         0  stm32f1xx_ll_tim.o ABSOLUTE
    ..\Drivers\STM32F1xx_HAL_Driver\Src\stm32f1xx_ll_utils.c 0x00000000   Number         0  stm32f1xx_ll_utils.o ABSOLUTE
    ..\\Core\\Src\\st7789.c                  0x00000000   Number         0  st7789.o ABSOLUTE
    cfrcmple.s                               0x00000000   Number         0  cfrcmple.o ABSOLUTE
    dc.s                                     0x00000000   Number         0  dc.o ABSOLUTE
    handlers.s                               0x00000000   Number         0  handlers.o ABSOLUTE
    init.s                                   0x00000000   Number         0  init.o ABSOLUTE
    startup_stm32f103xb.s                    0x00000000   Number         0  startup_stm32f103xb.o ABSOLUTE
    RESET                                    0x08000000   Section      236  startup_stm32f103xb.o(RESET)
    .ARM.Collect$$$$00000000                 0x080000ec   Section        0  entry.o(.ARM.Collect$$$$00000000)
    .ARM.Collect$$$$00000001                 0x080000ec   Section        4  entry2.o(.ARM.Collect$$$$00000001)
    .ARM.Collect$$$$00000004                 0x080000f0   Section        4  entry5.o(.ARM.Collect$$$$00000004)
    .ARM.Collect$$$$00000008                 0x080000f4   Section        0  entry7b.o(.ARM.Collect$$$$00000008)
    .ARM.Collect$$$$0000000A                 0x080000f4   Section        0  entry8b.o(.ARM.Collect$$$$0000000A)
    .ARM.Collect$$$$0000000B                 0x080000f4   Section        8  entry9a.o(.ARM.Collect$$$$0000000B)
    .ARM.Collect$$$$0000000E                 0x080000fc   Section        4  entry12b.o(.ARM.Collect$$$$0000000E)
    .ARM.Collect$$$$0000000F                 0x08000100   Section        0  entry10a.o(.ARM.Collect$$$$0000000F)
    .ARM.Collect$$$$00000011                 0x08000100   Section        0  entry11a.o(.ARM.Collect$$$$00000011)
    .ARM.Collect$$$$00002712                 0x08000100   Section        4  entry2.o(.ARM.Collect$$$$00002712)
    __lit__00000000                          0x08000100   Data           4  entry2.o(.ARM.Collect$$$$00002712)
    .text                                    0x08000104   Section       36  startup_stm32f103xb.o(.text)
    .text                                    0x08000128   Section        0  llushr.o(.text)
    .text                                    0x08000148   Section        0  memseta.o(.text)
    .text                                    0x0800016c   Section        0  fadd.o(.text)
    .text                                    0x0800021c   Section        0  fmul.o(.text)
    .text                                    0x08000280   Section        0  fdiv.o(.text)
    .text                                    0x080002fc   Section        0  fscalb.o(.text)
    .text                                    0x08000314   Section        0  dadd.o(.text)
    .text                                    0x08000462   Section        0  dmul.o(.text)
    .text                                    0x08000546   Section        0  ddiv.o(.text)
    .text                                    0x08000624   Section        0  fflti.o(.text)
    .text                                    0x08000636   Section        0  ffltui.o(.text)
    .text                                    0x08000640   Section        0  dflti.o(.text)
    .text                                    0x08000662   Section        0  ffixi.o(.text)
    .text                                    0x08000694   Section        0  ffixui.o(.text)
    .text                                    0x080006bc   Section        0  dfixi.o(.text)
    .text                                    0x080006fa   Section        0  f2d.o(.text)
    .text                                    0x08000720   Section        0  llshl.o(.text)
    .text                                    0x0800073e   Section        0  llsshr.o(.text)
    .text                                    0x08000762   Section        0  iusefp.o(.text)
    .text                                    0x08000762   Section        0  fepilogue.o(.text)
    .text                                    0x080007d0   Section        0  depilogue.o(.text)
    .text                                    0x0800088c   Section       36  init.o(.text)
    i.BusFault_Handler                       0x080008b0   Section        0  stm32f1xx_it.o(i.BusFault_Handler)
    i.CLEAR_HOLD_MASK                        0x080008b2   Section        0  main.o(i.CLEAR_HOLD_MASK)
    i.DMA1_Channel1_IRQHandler               0x08000918   Section        0  stm32f1xx_it.o(i.DMA1_Channel1_IRQHandler)
    i.DMA1_Channel3_IRQHandler               0x08000960   Section        0  stm32f1xx_it.o(i.DMA1_Channel3_IRQHandler)
    i.DRAW_GRIDS                             0x0800096c   Section        0  main.o(i.DRAW_GRIDS)
    i.DRAW_HOLD_MASK                         0x08000b10   Section        0  main.o(i.DRAW_HOLD_MASK)
    i.DRAW_STATS_WAVE                        0x08000b7c   Section        0  main.o(i.DRAW_STATS_WAVE)
    i.DRAW_TRIGGER_ICON                      0x08000ef4   Section        0  main.o(i.DRAW_TRIGGER_ICON)
    i.DRAW_WAVES                             0x08001000   Section        0  main.o(i.DRAW_WAVES)
    i.DRAW_WAVES_HOLD_MODE                   0x080014a8   Section        0  main.o(i.DRAW_WAVES_HOLD_MODE)
    i.DRAW_WAVE_POS_ICON                     0x08001968   Section        0  main.o(i.DRAW_WAVE_POS_ICON)
    i.DebugMon_Handler                       0x08001ab8   Section        0  stm32f1xx_it.o(i.DebugMon_Handler)
    i.EXTI15_10_IRQHandler                   0x08001abc   Section        0  stm32f1xx_it.o(i.EXTI15_10_IRQHandler)
    i.EXTI9_5_IRQHandler                     0x08001d58   Section        0  stm32f1xx_it.o(i.EXTI9_5_IRQHandler)
    i.Error_Handler                          0x080022dc   Section        0  main.o(i.Error_Handler)
    i.HAL_DMA_IRQHandler                     0x080022e0   Section        0  stm32f1xx_hal_dma.o(i.HAL_DMA_IRQHandler)
    i.HAL_DMA_Init                           0x08002434   Section        0  stm32f1xx_hal_dma.o(i.HAL_DMA_Init)
    i.HAL_GPIO_Init                          0x08002490   Section        0  stm32f1xx_hal_gpio.o(i.HAL_GPIO_Init)
    i.HAL_GetTick                            0x08002670   Section        0  stm32f1xx_hal.o(i.HAL_GetTick)
    i.HAL_IncTick                            0x0800267c   Section        0  stm32f1xx_hal.o(i.HAL_IncTick)
    i.HAL_Init                               0x0800268c   Section        0  stm32f1xx_hal.o(i.HAL_Init)
    i.HAL_InitTick                           0x080026b0   Section        0  stm32f1xx_hal.o(i.HAL_InitTick)
    i.HAL_MspInit                            0x080026f0   Section        0  stm32f1xx_hal_msp.o(i.HAL_MspInit)
    i.HAL_NVIC_EnableIRQ                     0x0800272c   Section        0  stm32f1xx_hal_cortex.o(i.HAL_NVIC_EnableIRQ)
    i.HAL_NVIC_SetPriority                   0x08002748   Section        0  stm32f1xx_hal_cortex.o(i.HAL_NVIC_SetPriority)
    i.HAL_NVIC_SetPriorityGrouping           0x08002788   Section        0  stm32f1xx_hal_cortex.o(i.HAL_NVIC_SetPriorityGrouping)
    i.HAL_SPI_Init                           0x080027ac   Section        0  stm32f1xx_hal_spi.o(i.HAL_SPI_Init)
    i.HAL_SPI_MspInit                        0x08002860   Section        0  stm32f1xx_hal_msp.o(i.HAL_SPI_MspInit)
    i.HAL_SPI_Transmit                       0x08002904   Section        0  stm32f1xx_hal_spi.o(i.HAL_SPI_Transmit)
    i.HAL_SYSTICK_Config                     0x08002a6a   Section        0  stm32f1xx_hal_cortex.o(i.HAL_SYSTICK_Config)
    i.HAL_TIMEx_MasterConfigSynchronization  0x08002a94   Section        0  stm32f1xx_hal_tim_ex.o(i.HAL_TIMEx_MasterConfigSynchronization)
    i.HAL_TIM_Base_Init                      0x08002afc   Section        0  stm32f1xx_hal_tim.o(i.HAL_TIM_Base_Init)
    i.HAL_TIM_Base_MspInit                   0x08002b58   Section        0  stm32f1xx_hal_msp.o(i.HAL_TIM_Base_MspInit)
    i.HAL_TIM_ConfigClockSource              0x08002b80   Section        0  stm32f1xx_hal_tim.o(i.HAL_TIM_ConfigClockSource)
    i.HAL_TIM_MspPostInit                    0x08002c58   Section        0  stm32f1xx_hal_msp.o(i.HAL_TIM_MspPostInit)
    i.HAL_TIM_PWM_ConfigChannel              0x08002ca4   Section        0  stm32f1xx_hal_tim.o(i.HAL_TIM_PWM_ConfigChannel)
    i.HAL_TIM_PWM_Init                       0x08002d6a   Section        0  stm32f1xx_hal_tim.o(i.HAL_TIM_PWM_Init)
    i.HAL_TIM_PWM_MspInit                    0x08002dc4   Section        0  stm32f1xx_hal_tim.o(i.HAL_TIM_PWM_MspInit)
    i.HAL_TIM_PWM_Start                      0x08002dc8   Section        0  stm32f1xx_hal_tim.o(i.HAL_TIM_PWM_Start)
    i.HardFault_Handler                      0x08002e64   Section        0  stm32f1xx_it.o(i.HardFault_Handler)
    i.LL_ADC_CommonInit                      0x08002e68   Section        0  stm32f1xx_ll_adc.o(i.LL_ADC_CommonInit)
    i.LL_ADC_Init                            0x08002ea8   Section        0  stm32f1xx_ll_adc.o(i.LL_ADC_Init)
    i.LL_ADC_REG_Init                        0x08002ed4   Section        0  stm32f1xx_ll_adc.o(i.LL_ADC_REG_Init)
    i.LL_ADC_REG_SetSequencerRanks           0x08002f28   Section        0  main.o(i.LL_ADC_REG_SetSequencerRanks)
    LL_ADC_REG_SetSequencerRanks             0x08002f29   Thumb Code    48  main.o(i.LL_ADC_REG_SetSequencerRanks)
    i.LL_ADC_SetChannelSamplingTime          0x08002f58   Section        0  main.o(i.LL_ADC_SetChannelSamplingTime)
    LL_ADC_SetChannelSamplingTime            0x08002f59   Thumb Code    70  main.o(i.LL_ADC_SetChannelSamplingTime)
    i.LL_APB2_GRP1_EnableClock               0x08002fa0   Section        0  main.o(i.LL_APB2_GRP1_EnableClock)
    LL_APB2_GRP1_EnableClock                 0x08002fa1   Thumb Code    18  main.o(i.LL_APB2_GRP1_EnableClock)
    i.LL_DMA_EnableChannel                   0x08002fb8   Section        0  main.o(i.LL_DMA_EnableChannel)
    LL_DMA_EnableChannel                     0x08002fb9   Thumb Code    18  main.o(i.LL_DMA_EnableChannel)
    i.LL_DMA_SetDataLength                   0x08002fd0   Section        0  main.o(i.LL_DMA_SetDataLength)
    LL_DMA_SetDataLength                     0x08002fd1   Thumb Code    22  main.o(i.LL_DMA_SetDataLength)
    i.LL_EXTI_DisableIT_0_31                 0x08002fec   Section        0  stm32f1xx_it.o(i.LL_EXTI_DisableIT_0_31)
    LL_EXTI_DisableIT_0_31                   0x08002fed   Thumb Code    10  stm32f1xx_it.o(i.LL_EXTI_DisableIT_0_31)
    i.LL_EXTI_EnableIT_0_31                  0x08002ffc   Section        0  stm32f1xx_it.o(i.LL_EXTI_EnableIT_0_31)
    LL_EXTI_EnableIT_0_31                    0x08002ffd   Thumb Code    10  stm32f1xx_it.o(i.LL_EXTI_EnableIT_0_31)
    i.LL_EXTI_Init                           0x0800300c   Section        0  stm32f1xx_ll_exti.o(i.LL_EXTI_Init)
    i.LL_EXTI_IsActiveFlag_0_31              0x080030ac   Section        0  stm32f1xx_it.o(i.LL_EXTI_IsActiveFlag_0_31)
    LL_EXTI_IsActiveFlag_0_31                0x080030ad   Thumb Code    16  stm32f1xx_it.o(i.LL_EXTI_IsActiveFlag_0_31)
    i.LL_GPIO_AF_SetEXTISource               0x080030c0   Section        0  main.o(i.LL_GPIO_AF_SetEXTISource)
    LL_GPIO_AF_SetEXTISource                 0x080030c1   Thumb Code    32  main.o(i.LL_GPIO_AF_SetEXTISource)
    i.LL_GPIO_Init                           0x080030e4   Section        0  stm32f1xx_ll_gpio.o(i.LL_GPIO_Init)
    i.LL_GPIO_SetPinMode                     0x080031d4   Section        0  main.o(i.LL_GPIO_SetPinMode)
    LL_GPIO_SetPinMode                       0x080031d5   Thumb Code    42  main.o(i.LL_GPIO_SetPinMode)
    i.LL_GPIO_SetPinPull                     0x080031fe   Section        0  main.o(i.LL_GPIO_SetPinPull)
    LL_GPIO_SetPinPull                       0x080031ff   Thumb Code    24  main.o(i.LL_GPIO_SetPinPull)
    i.LL_SYSTICK_EnableIT                    0x08003216   Section        0  stm32f1xx_it.o(i.LL_SYSTICK_EnableIT)
    LL_SYSTICK_EnableIT                      0x08003217   Thumb Code    14  stm32f1xx_it.o(i.LL_SYSTICK_EnableIT)
    i.LL_SetSystemCoreClock                  0x08003224   Section        0  stm32f1xx_ll_utils.o(i.LL_SetSystemCoreClock)
    i.LL_TIM_Init                            0x08003230   Section        0  stm32f1xx_ll_tim.o(i.LL_TIM_Init)
    i.LL_mDelay                              0x08003298   Section        0  stm32f1xx_ll_utils.o(i.LL_mDelay)
    i.MARSK_SCREEN                           0x080032b8   Section        0  main.o(i.MARSK_SCREEN)
    i.MX_ADC1_Init                           0x0800386c   Section        0  main.o(i.MX_ADC1_Init)
    MX_ADC1_Init                             0x0800386d   Thumb Code   236  main.o(i.MX_ADC1_Init)
    i.MX_ADC2_Init                           0x0800396c   Section        0  main.o(i.MX_ADC2_Init)
    MX_ADC2_Init                             0x0800396d   Thumb Code   118  main.o(i.MX_ADC2_Init)
    i.MX_GPIO_Init                           0x080039f0   Section        0  main.o(i.MX_GPIO_Init)
    MX_GPIO_Init                             0x080039f1   Thumb Code   518  main.o(i.MX_GPIO_Init)
    i.MX_SPI1_Init                           0x08003c30   Section        0  main.o(i.MX_SPI1_Init)
    MX_SPI1_Init                             0x08003c31   Thumb Code    46  main.o(i.MX_SPI1_Init)
    i.MX_TIM3_Init                           0x08003c68   Section        0  main.o(i.MX_TIM3_Init)
    MX_TIM3_Init                             0x08003c69   Thumb Code    98  main.o(i.MX_TIM3_Init)
    i.MX_TIM4_Init                           0x08003cd4   Section        0  main.o(i.MX_TIM4_Init)
    MX_TIM4_Init                             0x08003cd5   Thumb Code   120  main.o(i.MX_TIM4_Init)
    i.MemManage_Handler                      0x08003d54   Section        0  stm32f1xx_it.o(i.MemManage_Handler)
    i.NMI_Handler                            0x08003d56   Section        0  stm32f1xx_it.o(i.NMI_Handler)
    i.NVIC_EncodePriority                    0x08003d58   Section        0  main.o(i.NVIC_EncodePriority)
    NVIC_EncodePriority                      0x08003d59   Thumb Code    50  main.o(i.NVIC_EncodePriority)
    i.PendSV_Handler                         0x08003d8a   Section        0  stm32f1xx_it.o(i.PendSV_Handler)
    i.SEARCH_TRIGGER_POINT                   0x08003d8c   Section        0  main.o(i.SEARCH_TRIGGER_POINT)
    i.SPI_EndRxTxTransaction                 0x08003edc   Section        0  stm32f1xx_hal_spi.o(i.SPI_EndRxTxTransaction)
    SPI_EndRxTxTransaction                   0x08003edd   Thumb Code    32  stm32f1xx_hal_spi.o(i.SPI_EndRxTxTransaction)
    i.SPI_WaitFlagStateUntilTimeout          0x08003efc   Section        0  stm32f1xx_hal_spi.o(i.SPI_WaitFlagStateUntilTimeout)
    SPI_WaitFlagStateUntilTimeout            0x08003efd   Thumb Code   180  stm32f1xx_hal_spi.o(i.SPI_WaitFlagStateUntilTimeout)
    i.ST7789_DrawFastHLine                   0x08003fb4   Section        0  st7789.o(i.ST7789_DrawFastHLine)
    i.ST7789_DrawFastVLine                   0x08004014   Section        0  st7789.o(i.ST7789_DrawFastVLine)
    i.ST7789_DrawPixel                       0x08004074   Section        0  st7789.o(i.ST7789_DrawPixel)
    i.ST7789_ExecuteCommandList              0x080040cc   Section        0  st7789.o(i.ST7789_ExecuteCommandList)
    ST7789_ExecuteCommandList                0x080040cd   Thumb Code   116  st7789.o(i.ST7789_ExecuteCommandList)
    i.ST7789_FillRectangle                   0x08004148   Section        0  st7789.o(i.ST7789_FillRectangle)
    i.ST7789_FillScreen                      0x080041f0   Section        0  st7789.o(i.ST7789_FillScreen)
    i.ST7789_Init                            0x0800425c   Section        0  st7789.o(i.ST7789_Init)
    i.ST7789_SetAddressWindow                0x08004338   Section        0  st7789.o(i.ST7789_SetAddressWindow)
    ST7789_SetAddressWindow                  0x08004339   Thumb Code   150  st7789.o(i.ST7789_SetAddressWindow)
    i.ST7789_SetRotation                     0x080043d8   Section        0  st7789.o(i.ST7789_SetRotation)
    i.ST7789_WriteChar                       0x08004498   Section        0  st7789.o(i.ST7789_WriteChar)
    i.ST7789_WriteNumber                     0x08004574   Section        0  st7789.o(i.ST7789_WriteNumber)
    i.ST7789_WriteString                     0x0800464c   Section        0  st7789.o(i.ST7789_WriteString)
    i.START_ADC_AGAIN                        0x080046a0   Section        0  main.o(i.START_ADC_AGAIN)
    i.SVC_Handler                            0x08004784   Section        0  stm32f1xx_it.o(i.SVC_Handler)
    i.SysTick_Handler                        0x08004788   Section        0  stm32f1xx_it.o(i.SysTick_Handler)
    i.SystemClock_Config                     0x08004a0c   Section        0  main.o(i.SystemClock_Config)
    i.SystemInit                             0x08004ab0   Section        0  system_stm32f1xx.o(i.SystemInit)
    i.TIM_Base_SetConfig                     0x08004af8   Section        0  stm32f1xx_hal_tim.o(i.TIM_Base_SetConfig)
    i.TIM_CCxChannelCmd                      0x08004b64   Section        0  stm32f1xx_hal_tim.o(i.TIM_CCxChannelCmd)
    i.TIM_ETR_SetConfig                      0x08004b7e   Section        0  stm32f1xx_hal_tim.o(i.TIM_ETR_SetConfig)
    i.TIM_ITRx_SetConfig                     0x08004b92   Section        0  stm32f1xx_hal_tim.o(i.TIM_ITRx_SetConfig)
    TIM_ITRx_SetConfig                       0x08004b93   Thumb Code    16  stm32f1xx_hal_tim.o(i.TIM_ITRx_SetConfig)
    i.TIM_OC1_SetConfig                      0x08004ba4   Section        0  stm32f1xx_hal_tim.o(i.TIM_OC1_SetConfig)
    TIM_OC1_SetConfig                        0x08004ba5   Thumb Code    74  stm32f1xx_hal_tim.o(i.TIM_OC1_SetConfig)
    i.TIM_OC2_SetConfig                      0x08004bf4   Section        0  stm32f1xx_hal_tim.o(i.TIM_OC2_SetConfig)
    i.TIM_OC3_SetConfig                      0x08004c4c   Section        0  stm32f1xx_hal_tim.o(i.TIM_OC3_SetConfig)
    TIM_OC3_SetConfig                        0x08004c4d   Thumb Code    82  stm32f1xx_hal_tim.o(i.TIM_OC3_SetConfig)
    i.TIM_OC4_SetConfig                      0x08004ca4   Section        0  stm32f1xx_hal_tim.o(i.TIM_OC4_SetConfig)
    TIM_OC4_SetConfig                        0x08004ca5   Thumb Code    64  stm32f1xx_hal_tim.o(i.TIM_OC4_SetConfig)
    i.TIM_TI1_ConfigInputStage               0x08004ce8   Section        0  stm32f1xx_hal_tim.o(i.TIM_TI1_ConfigInputStage)
    TIM_TI1_ConfigInputStage                 0x08004ce9   Thumb Code    34  stm32f1xx_hal_tim.o(i.TIM_TI1_ConfigInputStage)
    i.TIM_TI2_ConfigInputStage               0x08004d0a   Section        0  stm32f1xx_hal_tim.o(i.TIM_TI2_ConfigInputStage)
    TIM_TI2_ConfigInputStage                 0x08004d0b   Thumb Code    36  stm32f1xx_hal_tim.o(i.TIM_TI2_ConfigInputStage)
    i.UsageFault_Handler                     0x08004d2e   Section        0  stm32f1xx_it.o(i.UsageFault_Handler)
    i.WAVE_INFO_CALCULATOR                   0x08004d30   Section        0  main.o(i.WAVE_INFO_CALCULATOR)
    i.XY_DRAW                                0x08004f6c   Section        0  main.o(i.XY_DRAW)
    i.ZOOM_DATA                              0x08005048   Section        0  main.o(i.ZOOM_DATA)
    i.__NVIC_EnableIRQ                       0x080051e0   Section        0  main.o(i.__NVIC_EnableIRQ)
    __NVIC_EnableIRQ                         0x080051e1   Thumb Code    26  main.o(i.__NVIC_EnableIRQ)
    i.__NVIC_SetPriority                     0x080051fa   Section        0  main.o(i.__NVIC_SetPriority)
    __NVIC_SetPriority                       0x080051fb   Thumb Code    32  main.o(i.__NVIC_SetPriority)
    i.__NVIC_SetPriority                     0x0800521a   Section        0  stm32f1xx_hal_cortex.o(i.__NVIC_SetPriority)
    __NVIC_SetPriority                       0x0800521b   Thumb Code    32  stm32f1xx_hal_cortex.o(i.__NVIC_SetPriority)
    i.__scatterload_copy                     0x0800523a   Section       14  handlers.o(i.__scatterload_copy)
    i.__scatterload_null                     0x08005248   Section        2  handlers.o(i.__scatterload_null)
    i.__scatterload_zeroinit                 0x0800524a   Section       14  handlers.o(i.__scatterload_zeroinit)
    i.main                                   0x08005258   Section        0  main.o(i.main)
    i.plotLineSegment                        0x080057a4   Section        0  main.o(i.plotLineSegment)
    i.sum3                                   0x080057fc   Section        0  main.o(i.sum3)
    .constdata                               0x0800582c   Section     1900  fonts.o(.constdata)
    Font7x10                                 0x0800582c   Data        1900  fonts.o(.constdata)
    .constdata                               0x08005f98   Section     4940  fonts.o(.constdata)
    Font16x26                                0x08005f98   Data        4940  fonts.o(.constdata)
    .constdata                               0x080072e4   Section       35  st7789.o(.constdata)
    generic_st7789                           0x080072e4   Data          35  st7789.o(.constdata)
    .constdata                               0x08007308   Section       84  main.o(.constdata)
    CHANNEL_OFFSET_TAB                       0x08007308   Data           7  main.o(.constdata)
    .data                                    0x20000000   Section        8  fonts.o(.data)
    .data                                    0x20000008   Section        8  fonts.o(.data)
    .data                                    0x20000010   Section      100  main.o(.data)
    wavesOld                                 0x2000003e   Data           2  main.o(.data)
    wavesSnap                                0x2000004a   Data           2  main.o(.data)
    yCursorsSnap                             0x2000006c   Data           4  main.o(.data)
    yCursorsOld                              0x20000070   Data           4  main.o(.data)
    .data                                    0x20000074   Section        1  main.o(.data)
    .data                                    0x20000078   Section       36  stm32f1xx_it.o(.data)
    .data                                    0x2000009c   Section       12  stm32f1xx_hal.o(.data)
    .data                                    0x200000a8   Section        4  system_stm32f1xx.o(.data)
    .bss                                     0x200000ac   Section    18544  main.o(.bss)
    .bss                                     0x2000491c   Section       68  main.o(.bss)
    STACK                                    0x20004960   Section     1024  startup_stm32f103xb.o(STACK)

    Global Symbols

    Symbol Name                              Value     Ov Type        Size  Object(Section)

    BuildAttributes$$THM_ISAv4$P$D$K$B$S$PE$A:L22UL41UL21$X:L11$S22US41US21$IEEE1$IW$USESV6$~STKCKD$USESV7$~SHL$OTIME$ROPI$EBA8$MICROLIB$REQ8$PRES8$EABIv2 0x00000000   Number         0  anon$$obj.o ABSOLUTE
    __ARM_use_no_argv                        0x00000000   Number         0  main.o ABSOLUTE
    __arm_fini_                               - Undefined Weak Reference
    __cpp_initialize__aeabi_                  - Undefined Weak Reference
    __cxa_finalize                            - Undefined Weak Reference
    __decompress                              - Undefined Weak Reference
    _clock_init                               - Undefined Weak Reference
    _microlib_exit                            - Undefined Weak Reference
    __Vectors_Size                           0x000000ec   Number         0  startup_stm32f103xb.o ABSOLUTE
    __Vectors                                0x08000000   Data           4  startup_stm32f103xb.o(RESET)
    __Vectors_End                            0x080000ec   Data           0  startup_stm32f103xb.o(RESET)
    __main                                   0x080000ed   Thumb Code     0  entry.o(.ARM.Collect$$$$00000000)
    _main_stk                                0x080000ed   Thumb Code     0  entry2.o(.ARM.Collect$$$$00000001)
    _main_scatterload                        0x080000f1   Thumb Code     0  entry5.o(.ARM.Collect$$$$00000004)
    __main_after_scatterload                 0x080000f5   Thumb Code     0  entry5.o(.ARM.Collect$$$$00000004)
    _main_clock                              0x080000f5   Thumb Code     0  entry7b.o(.ARM.Collect$$$$00000008)
    _main_cpp_init                           0x080000f5   Thumb Code     0  entry8b.o(.ARM.Collect$$$$0000000A)
    _main_init                               0x080000f5   Thumb Code     0  entry9a.o(.ARM.Collect$$$$0000000B)
    __rt_lib_shutdown_fini                   0x080000fd   Thumb Code     0  entry12b.o(.ARM.Collect$$$$0000000E)
    __rt_final_cpp                           0x08000101   Thumb Code     0  entry10a.o(.ARM.Collect$$$$0000000F)
    __rt_final_exit                          0x08000101   Thumb Code     0  entry11a.o(.ARM.Collect$$$$00000011)
    Reset_Handler                            0x08000105   Thumb Code     8  startup_stm32f103xb.o(.text)
    ADC1_2_IRQHandler                        0x0800011f   Thumb Code     0  startup_stm32f103xb.o(.text)
    CAN1_RX1_IRQHandler                      0x0800011f   Thumb Code     0  startup_stm32f103xb.o(.text)
    CAN1_SCE_IRQHandler                      0x0800011f   Thumb Code     0  startup_stm32f103xb.o(.text)
    DMA1_Channel2_IRQHandler                 0x0800011f   Thumb Code     0  startup_stm32f103xb.o(.text)
    DMA1_Channel4_IRQHandler                 0x0800011f   Thumb Code     0  startup_stm32f103xb.o(.text)
    DMA1_Channel5_IRQHandler                 0x0800011f   Thumb Code     0  startup_stm32f103xb.o(.text)
    DMA1_Channel6_IRQHandler                 0x0800011f   Thumb Code     0  startup_stm32f103xb.o(.text)
    DMA1_Channel7_IRQHandler                 0x0800011f   Thumb Code     0  startup_stm32f103xb.o(.text)
    EXTI0_IRQHandler                         0x0800011f   Thumb Code     0  startup_stm32f103xb.o(.text)
    EXTI1_IRQHandler                         0x0800011f   Thumb Code     0  startup_stm32f103xb.o(.text)
    EXTI2_IRQHandler                         0x0800011f   Thumb Code     0  startup_stm32f103xb.o(.text)
    EXTI3_IRQHandler                         0x0800011f   Thumb Code     0  startup_stm32f103xb.o(.text)
    EXTI4_IRQHandler                         0x0800011f   Thumb Code     0  startup_stm32f103xb.o(.text)
    FLASH_IRQHandler                         0x0800011f   Thumb Code     0  startup_stm32f103xb.o(.text)
    I2C1_ER_IRQHandler                       0x0800011f   Thumb Code     0  startup_stm32f103xb.o(.text)
    I2C1_EV_IRQHandler                       0x0800011f   Thumb Code     0  startup_stm32f103xb.o(.text)
    I2C2_ER_IRQHandler                       0x0800011f   Thumb Code     0  startup_stm32f103xb.o(.text)
    I2C2_EV_IRQHandler                       0x0800011f   Thumb Code     0  startup_stm32f103xb.o(.text)
    PVD_IRQHandler                           0x0800011f   Thumb Code     0  startup_stm32f103xb.o(.text)
    RCC_IRQHandler                           0x0800011f   Thumb Code     0  startup_stm32f103xb.o(.text)
    RTC_Alarm_IRQHandler                     0x0800011f   Thumb Code     0  startup_stm32f103xb.o(.text)
    RTC_IRQHandler                           0x0800011f   Thumb Code     0  startup_stm32f103xb.o(.text)
    SPI1_IRQHandler                          0x0800011f   Thumb Code     0  startup_stm32f103xb.o(.text)
    SPI2_IRQHandler                          0x0800011f   Thumb Code     0  startup_stm32f103xb.o(.text)
    TAMPER_IRQHandler                        0x0800011f   Thumb Code     0  startup_stm32f103xb.o(.text)
    TIM1_BRK_IRQHandler                      0x0800011f   Thumb Code     0  startup_stm32f103xb.o(.text)
    TIM1_CC_IRQHandler                       0x0800011f   Thumb Code     0  startup_stm32f103xb.o(.text)
    TIM1_TRG_COM_IRQHandler                  0x0800011f   Thumb Code     0  startup_stm32f103xb.o(.text)
    TIM1_UP_IRQHandler                       0x0800011f   Thumb Code     0  startup_stm32f103xb.o(.text)
    TIM2_IRQHandler                          0x0800011f   Thumb Code     0  startup_stm32f103xb.o(.text)
    TIM3_IRQHandler                          0x0800011f   Thumb Code     0  startup_stm32f103xb.o(.text)
    TIM4_IRQHandler                          0x0800011f   Thumb Code     0  startup_stm32f103xb.o(.text)
    USART1_IRQHandler                        0x0800011f   Thumb Code     0  startup_stm32f103xb.o(.text)
    USART2_IRQHandler                        0x0800011f   Thumb Code     0  startup_stm32f103xb.o(.text)
    USART3_IRQHandler                        0x0800011f   Thumb Code     0  startup_stm32f103xb.o(.text)
    USBWakeUp_IRQHandler                     0x0800011f   Thumb Code     0  startup_stm32f103xb.o(.text)
    USB_HP_CAN1_TX_IRQHandler                0x0800011f   Thumb Code     0  startup_stm32f103xb.o(.text)
    USB_LP_CAN1_RX0_IRQHandler               0x0800011f   Thumb Code     0  startup_stm32f103xb.o(.text)
    WWDG_IRQHandler                          0x0800011f   Thumb Code     0  startup_stm32f103xb.o(.text)
    __aeabi_llsr                             0x08000129   Thumb Code    32  llushr.o(.text)
    _ll_ushift_r                             0x08000129   Thumb Code     0  llushr.o(.text)
    __aeabi_memset                           0x08000149   Thumb Code    14  memseta.o(.text)
    __aeabi_memset4                          0x08000149   Thumb Code     0  memseta.o(.text)
    __aeabi_memset8                          0x08000149   Thumb Code     0  memseta.o(.text)
    __aeabi_memclr                           0x08000157   Thumb Code     4  memseta.o(.text)
    __aeabi_memclr4                          0x08000157   Thumb Code     0  memseta.o(.text)
    __aeabi_memclr8                          0x08000157   Thumb Code     0  memseta.o(.text)
    _memset$wrapper                          0x0800015b   Thumb Code    18  memseta.o(.text)
    __aeabi_fadd                             0x0800016d   Thumb Code   164  fadd.o(.text)
    __aeabi_fsub                             0x08000211   Thumb Code     6  fadd.o(.text)
    __aeabi_frsub                            0x08000217   Thumb Code     6  fadd.o(.text)
    __aeabi_fmul                             0x0800021d   Thumb Code   100  fmul.o(.text)
    __aeabi_fdiv                             0x08000281   Thumb Code   124  fdiv.o(.text)
    __ARM_scalbnf                            0x080002fd   Thumb Code    24  fscalb.o(.text)
    scalbnf                                  0x080002fd   Thumb Code     0  fscalb.o(.text)
    __aeabi_dadd                             0x08000315   Thumb Code   322  dadd.o(.text)
    __aeabi_dsub                             0x08000457   Thumb Code     6  dadd.o(.text)
    __aeabi_drsub                            0x0800045d   Thumb Code     6  dadd.o(.text)
    __aeabi_dmul                             0x08000463   Thumb Code   228  dmul.o(.text)
    __aeabi_ddiv                             0x08000547   Thumb Code   222  ddiv.o(.text)
    __aeabi_i2f                              0x08000625   Thumb Code    18  fflti.o(.text)
    __aeabi_ui2f                             0x08000637   Thumb Code    10  ffltui.o(.text)
    __aeabi_i2d                              0x08000641   Thumb Code    34  dflti.o(.text)
    __aeabi_f2iz                             0x08000663   Thumb Code    50  ffixi.o(.text)
    __aeabi_f2uiz                            0x08000695   Thumb Code    40  ffixui.o(.text)
    __aeabi_d2iz                             0x080006bd   Thumb Code    62  dfixi.o(.text)
    __aeabi_f2d                              0x080006fb   Thumb Code    38  f2d.o(.text)
    __aeabi_llsl                             0x08000721   Thumb Code    30  llshl.o(.text)
    _ll_shift_l                              0x08000721   Thumb Code     0  llshl.o(.text)
    __aeabi_lasr                             0x0800073f   Thumb Code    36  llsshr.o(.text)
    _ll_sshift_r                             0x0800073f   Thumb Code     0  llsshr.o(.text)
    __I$use$fp                               0x08000763   Thumb Code     0  iusefp.o(.text)
    _float_round                             0x08000763   Thumb Code    18  fepilogue.o(.text)
    _float_epilogue                          0x08000775   Thumb Code    92  fepilogue.o(.text)
    _double_round                            0x080007d1   Thumb Code    30  depilogue.o(.text)
    _double_epilogue                         0x080007ef   Thumb Code   156  depilogue.o(.text)
    __scatterload                            0x0800088d   Thumb Code    28  init.o(.text)
    __scatterload_rt2                        0x0800088d   Thumb Code     0  init.o(.text)
    BusFault_Handler                         0x080008b1   Thumb Code     2  stm32f1xx_it.o(i.BusFault_Handler)
    CLEAR_HOLD_MASK                          0x080008b3   Thumb Code   102  main.o(i.CLEAR_HOLD_MASK)
    DMA1_Channel1_IRQHandler                 0x08000919   Thumb Code    54  stm32f1xx_it.o(i.DMA1_Channel1_IRQHandler)
    DMA1_Channel3_IRQHandler                 0x08000961   Thumb Code     6  stm32f1xx_it.o(i.DMA1_Channel3_IRQHandler)
    DRAW_GRIDS                               0x0800096d   Thumb Code   414  main.o(i.DRAW_GRIDS)
    DRAW_HOLD_MASK                           0x08000b11   Thumb Code   106  main.o(i.DRAW_HOLD_MASK)
    DRAW_STATS_WAVE                          0x08000b7d   Thumb Code   818  main.o(i.DRAW_STATS_WAVE)
    DRAW_TRIGGER_ICON                        0x08000ef5   Thumb Code   264  main.o(i.DRAW_TRIGGER_ICON)
    DRAW_WAVES                               0x08001001   Thumb Code  1182  main.o(i.DRAW_WAVES)
    DRAW_WAVES_HOLD_MODE                     0x080014a9   Thumb Code  1208  main.o(i.DRAW_WAVES_HOLD_MODE)
    DRAW_WAVE_POS_ICON                       0x08001969   Thumb Code   332  main.o(i.DRAW_WAVE_POS_ICON)
    DebugMon_Handler                         0x08001ab9   Thumb Code     2  stm32f1xx_it.o(i.DebugMon_Handler)
    EXTI15_10_IRQHandler                     0x08001abd   Thumb Code   594  stm32f1xx_it.o(i.EXTI15_10_IRQHandler)
    EXTI9_5_IRQHandler                       0x08001d59   Thumb Code  1364  stm32f1xx_it.o(i.EXTI9_5_IRQHandler)
    Error_Handler                            0x080022dd   Thumb Code     2  main.o(i.Error_Handler)
    HAL_DMA_IRQHandler                       0x080022e1   Thumb Code   316  stm32f1xx_hal_dma.o(i.HAL_DMA_IRQHandler)
    HAL_DMA_Init                             0x08002435   Thumb Code    84  stm32f1xx_hal_dma.o(i.HAL_DMA_Init)
    HAL_GPIO_Init                            0x08002491   Thumb Code   446  stm32f1xx_hal_gpio.o(i.HAL_GPIO_Init)
    HAL_GetTick                              0x08002671   Thumb Code     6  stm32f1xx_hal.o(i.HAL_GetTick)
    HAL_IncTick                              0x0800267d   Thumb Code    12  stm32f1xx_hal.o(i.HAL_IncTick)
    HAL_Init                                 0x0800268d   Thumb Code    32  stm32f1xx_hal.o(i.HAL_Init)
    HAL_InitTick                             0x080026b1   Thumb Code    54  stm32f1xx_hal.o(i.HAL_InitTick)
    HAL_MspInit                              0x080026f1   Thumb Code    52  stm32f1xx_hal_msp.o(i.HAL_MspInit)
    HAL_NVIC_EnableIRQ                       0x0800272d   Thumb Code    26  stm32f1xx_hal_cortex.o(i.HAL_NVIC_EnableIRQ)
    HAL_NVIC_SetPriority                     0x08002749   Thumb Code    60  stm32f1xx_hal_cortex.o(i.HAL_NVIC_SetPriority)
    HAL_NVIC_SetPriorityGrouping             0x08002789   Thumb Code    26  stm32f1xx_hal_cortex.o(i.HAL_NVIC_SetPriorityGrouping)
    HAL_SPI_Init                             0x080027ad   Thumb Code   178  stm32f1xx_hal_spi.o(i.HAL_SPI_Init)
    HAL_SPI_MspInit                          0x08002861   Thumb Code   138  stm32f1xx_hal_msp.o(i.HAL_SPI_MspInit)
    HAL_SPI_Transmit                         0x08002905   Thumb Code   358  stm32f1xx_hal_spi.o(i.HAL_SPI_Transmit)
    HAL_SYSTICK_Config                       0x08002a6b   Thumb Code    40  stm32f1xx_hal_cortex.o(i.HAL_SYSTICK_Config)
    HAL_TIMEx_MasterConfigSynchronization    0x08002a95   Thumb Code    92  stm32f1xx_hal_tim_ex.o(i.HAL_TIMEx_MasterConfigSynchronization)
    HAL_TIM_Base_Init                        0x08002afd   Thumb Code    90  stm32f1xx_hal_tim.o(i.HAL_TIM_Base_Init)
    HAL_TIM_Base_MspInit                     0x08002b59   Thumb Code    30  stm32f1xx_hal_msp.o(i.HAL_TIM_Base_MspInit)
    HAL_TIM_ConfigClockSource                0x08002b81   Thumb Code   214  stm32f1xx_hal_tim.o(i.HAL_TIM_ConfigClockSource)
    HAL_TIM_MspPostInit                      0x08002c59   Thumb Code    64  stm32f1xx_hal_msp.o(i.HAL_TIM_MspPostInit)
    HAL_TIM_PWM_ConfigChannel                0x08002ca5   Thumb Code   198  stm32f1xx_hal_tim.o(i.HAL_TIM_PWM_ConfigChannel)
    HAL_TIM_PWM_Init                         0x08002d6b   Thumb Code    90  stm32f1xx_hal_tim.o(i.HAL_TIM_PWM_Init)
    HAL_TIM_PWM_MspInit                      0x08002dc5   Thumb Code     2  stm32f1xx_hal_tim.o(i.HAL_TIM_PWM_MspInit)
    HAL_TIM_PWM_Start                        0x08002dc9   Thumb Code   144  stm32f1xx_hal_tim.o(i.HAL_TIM_PWM_Start)
    HardFault_Handler                        0x08002e65   Thumb Code     2  stm32f1xx_it.o(i.HardFault_Handler)
    LL_ADC_CommonInit                        0x08002e69   Thumb Code    56  stm32f1xx_ll_adc.o(i.LL_ADC_CommonInit)
    LL_ADC_Init                              0x08002ea9   Thumb Code    44  stm32f1xx_ll_adc.o(i.LL_ADC_Init)
    LL_ADC_REG_Init                          0x08002ed5   Thumb Code    78  stm32f1xx_ll_adc.o(i.LL_ADC_REG_Init)
    LL_EXTI_Init                             0x0800300d   Thumb Code   156  stm32f1xx_ll_exti.o(i.LL_EXTI_Init)
    LL_GPIO_Init                             0x080030e5   Thumb Code   240  stm32f1xx_ll_gpio.o(i.LL_GPIO_Init)
    LL_SetSystemCoreClock                    0x08003225   Thumb Code     6  stm32f1xx_ll_utils.o(i.LL_SetSystemCoreClock)
    LL_TIM_Init                              0x08003231   Thumb Code    92  stm32f1xx_ll_tim.o(i.LL_TIM_Init)
    LL_mDelay                                0x08003299   Thumb Code    30  stm32f1xx_ll_utils.o(i.LL_mDelay)
    MARSK_SCREEN                             0x080032b9   Thumb Code  1444  main.o(i.MARSK_SCREEN)
    MemManage_Handler                        0x08003d55   Thumb Code     2  stm32f1xx_it.o(i.MemManage_Handler)
    NMI_Handler                              0x08003d57   Thumb Code     2  stm32f1xx_it.o(i.NMI_Handler)
    PendSV_Handler                           0x08003d8b   Thumb Code     2  stm32f1xx_it.o(i.PendSV_Handler)
    SEARCH_TRIGGER_POINT                     0x08003d8d   Thumb Code   318  main.o(i.SEARCH_TRIGGER_POINT)
    ST7789_DrawFastHLine                     0x08003fb5   Thumb Code    84  st7789.o(i.ST7789_DrawFastHLine)
    ST7789_DrawFastVLine                     0x08004015   Thumb Code    84  st7789.o(i.ST7789_DrawFastVLine)
    ST7789_DrawPixel                         0x08004075   Thumb Code    74  st7789.o(i.ST7789_DrawPixel)
    ST7789_FillRectangle                     0x08004149   Thumb Code   154  st7789.o(i.ST7789_FillRectangle)
    ST7789_FillScreen                        0x080041f1   Thumb Code    94  st7789.o(i.ST7789_FillScreen)
    ST7789_Init                              0x0800425d   Thumb Code   204  st7789.o(i.ST7789_Init)
    ST7789_SetRotation                       0x080043d9   Thumb Code   178  st7789.o(i.ST7789_SetRotation)
    ST7789_WriteChar                         0x08004499   Thumb Code   208  st7789.o(i.ST7789_WriteChar)
    ST7789_WriteNumber                       0x08004575   Thumb Code   172  st7789.o(i.ST7789_WriteNumber)
    ST7789_WriteString                       0x0800464d   Thumb Code    84  st7789.o(i.ST7789_WriteString)
    START_ADC_AGAIN                          0x080046a1   Thumb Code   206  main.o(i.START_ADC_AGAIN)
    SVC_Handler                              0x08004785   Thumb Code     2  stm32f1xx_it.o(i.SVC_Handler)
    SysTick_Handler                          0x08004789   Thumb Code   576  stm32f1xx_it.o(i.SysTick_Handler)
    SystemClock_Config                       0x08004a0d   Thumb Code   152  main.o(i.SystemClock_Config)
    SystemInit                               0x08004ab1   Thumb Code    56  system_stm32f1xx.o(i.SystemInit)
    TIM_Base_SetConfig                       0x08004af9   Thumb Code    94  stm32f1xx_hal_tim.o(i.TIM_Base_SetConfig)
    TIM_CCxChannelCmd                        0x08004b65   Thumb Code    26  stm32f1xx_hal_tim.o(i.TIM_CCxChannelCmd)
    TIM_ETR_SetConfig                        0x08004b7f   Thumb Code    20  stm32f1xx_hal_tim.o(i.TIM_ETR_SetConfig)
    TIM_OC2_SetConfig                        0x08004bf5   Thumb Code    84  stm32f1xx_hal_tim.o(i.TIM_OC2_SetConfig)
    UsageFault_Handler                       0x08004d2f   Thumb Code     2  stm32f1xx_it.o(i.UsageFault_Handler)
    WAVE_INFO_CALCULATOR                     0x08004d31   Thumb Code   538  main.o(i.WAVE_INFO_CALCULATOR)
    XY_DRAW                                  0x08004f6d   Thumb Code   208  main.o(i.XY_DRAW)
    ZOOM_DATA                                0x08005049   Thumb Code   400  main.o(i.ZOOM_DATA)
    __scatterload_copy                       0x0800523b   Thumb Code    14  handlers.o(i.__scatterload_copy)
    __scatterload_null                       0x08005249   Thumb Code     2  handlers.o(i.__scatterload_null)
    __scatterload_zeroinit                   0x0800524b   Thumb Code    14  handlers.o(i.__scatterload_zeroinit)
    main                                     0x08005259   Thumb Code  1348  main.o(i.main)
    plotLineSegment                          0x080057a5   Thumb Code    82  main.o(i.plotLineSegment)
    sum3                                     0x080057fd   Thumb Code    36  main.o(i.sum3)
    vRangeValue                              0x08007310   Data          14  main.o(.constdata)
    hRangeValue                              0x08007320   Data          60  main.o(.constdata)
    Region$$Table$$Base                      0x0800735c   Number         0  anon$$obj.o(Region$$Table)
    Region$$Table$$Limit                     0x0800737c   Number         0  anon$$obj.o(Region$$Table)
    Font_7x10                                0x20000000   Data           8  fonts.o(.data)
    Font_16x26                               0x20000008   Data           8  fonts.o(.data)
    hOffset                                  0x20000010   Data           1  main.o(.data)
    Hold_old                                 0x20000011   Data           1  main.o(.data)
    trigger_pos_drawing                      0x20000012   Data           1  main.o(.data)
    prepare_mode_change                      0x20000013   Data           1  main.o(.data)
    old_zeropos_A1                           0x20000014   Data           1  main.o(.data)
    old_zeropos_A2                           0x20000015   Data           1  main.o(.data)
    trigger_pos_Y                            0x20000016   Data           1  main.o(.data)
    Stats_source                             0x20000017   Data           1  main.o(.data)
    Hold                                     0x20000018   Data           1  main.o(.data)
    Bt_pressed                               0x20000019   Data           1  main.o(.data)
    trigger_source                           0x2000001a   Data           1  main.o(.data)
    vOffset                                  0x2000001b   Data           1  main.o(.data)
    show_mode                                0x2000001c   Data           1  main.o(.data)
    position_wave                            0x2000001d   Data           1  main.o(.data)
    conversion_ready                         0x2000001e   Data           1  main.o(.data)
    XY_MODE                                  0x2000001f   Data           1  main.o(.data)
    Legh_data                                0x20000020   Data           1  main.o(.data)
    MENU                                     0x20000021   Data           1  main.o(.data)
    zeroVoltageA1                            0x20000022   Data           2  main.o(.data)
    zeroVoltageA2                            0x20000024   Data           2  main.o(.data)
    ADC_2_GRID_A                             0x20000026   Data           2  main.o(.data)
    ADC_2_GRID_B                             0x20000028   Data           2  main.o(.data)
    ADC_2_GRID_OLD_A                         0x2000002a   Data           2  main.o(.data)
    ADC_2_GRID_OLD_B                         0x2000002c   Data           2  main.o(.data)
    trigger_color                            0x2000002e   Data           2  main.o(.data)
    Stats_color                              0x20000030   Data           2  main.o(.data)
    trigger_extra_point                      0x20000032   Data           2  main.o(.data)
    i                                        0x20000034   Data           2  main.o(.data)
    old_trigger_pos_X                        0x20000036   Data           2  main.o(.data)
    old_trigger_pos_Y                        0x20000038   Data           2  main.o(.data)
    trigger_pos                              0x2000003a   Data           2  main.o(.data)
    trigger_pos_X                            0x2000003c   Data           2  main.o(.data)
    trigger_point                            0x20000040   Data           2  main.o(.data)
    val1                                     0x20000042   Data           2  main.o(.data)
    val2                                     0x20000044   Data           2  main.o(.data)
    transposedPt1                            0x20000046   Data           2  main.o(.data)
    transposedPt2                            0x20000048   Data           2  main.o(.data)
    NUM_ADC                                  0x2000004c   Data           4  main.o(.data)
    NUM_ADC_new                              0x20000050   Data           4  main.o(.data)
    NUM_ADC_old                              0x20000054   Data           4  main.o(.data)
    yCursors                                 0x20000058   Data           4  main.o(.data)
    hRange                                   0x2000005c   Data           4  main.o(.data)
    vRangeA                                  0x20000060   Data           4  main.o(.data)
    vRangeB                                  0x20000064   Data           4  main.o(.data)
    trigger_level                            0x20000068   Data           4  main.o(.data)
    data_flag                                0x20000074   Data           1  main.o(.data)
    SELECT_Bt_Hold                           0x20000078   Data           1  stm32f1xx_it.o(.data)
    count                                    0x2000007a   Data           2  stm32f1xx_it.o(.data)
    timeout                                  0x2000007c   Data           2  stm32f1xx_it.o(.data)
    heso_k                                   0x20000080   Data          28  stm32f1xx_it.o(.data)
    uwTickFreq                               0x2000009c   Data           1  stm32f1xx_hal.o(.data)
    uwTickPrio                               0x200000a0   Data           4  stm32f1xx_hal.o(.data)
    uwTick                                   0x200000a4   Data           4  stm32f1xx_hal.o(.data)
    SystemCoreClock                          0x200000a8   Data           4  system_stm32f1xx.o(.data)
    ch1Old                                   0x200000ac   Data         490  main.o(.bss)
    ch2Old                                   0x20000296   Data         490  main.o(.bss)
    hspi1                                    0x20000480   Data          88  main.o(.bss)
    htim4                                    0x200004d8   Data          72  main.o(.bss)
    Stats                                    0x20000520   Data          20  main.o(.bss)
    ch1Capture                               0x20000534   Data        4096  main.o(.bss)
    ch2Capture                               0x20001534   Data        4096  main.o(.bss)
    ch1Capture_zoom                          0x20002534   Data         500  main.o(.bss)
    ch2Capture_zoom                          0x20002728   Data         500  main.o(.bss)
    adc_buffer                               0x2000291c   Data        8192  main.o(.bss)
    hdma_spi1_tx                             0x2000491c   Data          68  main.o(.bss)
    __initial_sp                             0x20004d60   Data           0  startup_stm32f103xb.o(STACK)



==============================================================================

Memory Map of the image

  Image Entry point : 0x080000ed

  Load Region LR_IROM1 (Base: 0x08000000, Size: 0x00007428, Max: 0x00010000, ABSOLUTE)

    Execution Region ER_IROM1 (Exec base: 0x08000000, Load base: 0x08000000, Size: 0x0000737c, Max: 0x00010000, ABSOLUTE)

    Exec Addr    Load Addr    Size         Type   Attr      Idx    E Section Name        Object

    0x08000000   0x08000000   0x000000ec   Data   RO            3    RESET               startup_stm32f103xb.o
    0x080000ec   0x080000ec   0x00000000   Code   RO         3570  * .ARM.Collect$$$$00000000  mc_w.l(entry.o)
    0x080000ec   0x080000ec   0x00000004   Code   RO         3609    .ARM.Collect$$$$00000001  mc_w.l(entry2.o)
    0x080000f0   0x080000f0   0x00000004   Code   RO         3612    .ARM.Collect$$$$00000004  mc_w.l(entry5.o)
    0x080000f4   0x080000f4   0x00000000   Code   RO         3614    .ARM.Collect$$$$00000008  mc_w.l(entry7b.o)
    0x080000f4   0x080000f4   0x00000000   Code   RO         3616    .ARM.Collect$$$$0000000A  mc_w.l(entry8b.o)
    0x080000f4   0x080000f4   0x00000008   Code   RO         3617    .ARM.Collect$$$$0000000B  mc_w.l(entry9a.o)
    0x080000fc   0x080000fc   0x00000004   Code   RO         3624    .ARM.Collect$$$$0000000E  mc_w.l(entry12b.o)
    0x08000100   0x08000100   0x00000000   Code   RO         3619    .ARM.Collect$$$$0000000F  mc_w.l(entry10a.o)
    0x08000100   0x08000100   0x00000000   Code   RO         3621    .ARM.Collect$$$$00000011  mc_w.l(entry11a.o)
    0x08000100   0x08000100   0x00000004   Code   RO         3610    .ARM.Collect$$$$00002712  mc_w.l(entry2.o)
    0x08000104   0x08000104   0x00000024   Code   RO            4    .text               startup_stm32f103xb.o
    0x08000128   0x08000128   0x00000020   Code   RO         3573    .text               mc_w.l(llushr.o)
    0x08000148   0x08000148   0x00000024   Code   RO         3575    .text               mc_w.l(memseta.o)
    0x0800016c   0x0800016c   0x000000b0   Code   RO         3579    .text               mf_w.l(fadd.o)
    0x0800021c   0x0800021c   0x00000064   Code   RO         3581    .text               mf_w.l(fmul.o)
    0x08000280   0x08000280   0x0000007c   Code   RO         3583    .text               mf_w.l(fdiv.o)
    0x080002fc   0x080002fc   0x00000018   Code   RO         3585    .text               mf_w.l(fscalb.o)
    0x08000314   0x08000314   0x0000014e   Code   RO         3587    .text               mf_w.l(dadd.o)
    0x08000462   0x08000462   0x000000e4   Code   RO         3589    .text               mf_w.l(dmul.o)
    0x08000546   0x08000546   0x000000de   Code   RO         3591    .text               mf_w.l(ddiv.o)
    0x08000624   0x08000624   0x00000012   Code   RO         3593    .text               mf_w.l(fflti.o)
    0x08000636   0x08000636   0x0000000a   Code   RO         3595    .text               mf_w.l(ffltui.o)
    0x08000640   0x08000640   0x00000022   Code   RO         3597    .text               mf_w.l(dflti.o)
    0x08000662   0x08000662   0x00000032   Code   RO         3599    .text               mf_w.l(ffixi.o)
    0x08000694   0x08000694   0x00000028   Code   RO         3601    .text               mf_w.l(ffixui.o)
    0x080006bc   0x080006bc   0x0000003e   Code   RO         3603    .text               mf_w.l(dfixi.o)
    0x080006fa   0x080006fa   0x00000026   Code   RO         3605    .text               mf_w.l(f2d.o)
    0x08000720   0x08000720   0x0000001e   Code   RO         3625    .text               mc_w.l(llshl.o)
    0x0800073e   0x0800073e   0x00000024   Code   RO         3627    .text               mc_w.l(llsshr.o)
    0x08000762   0x08000762   0x00000000   Code   RO         3629    .text               mc_w.l(iusefp.o)
    0x08000762   0x08000762   0x0000006e   Code   RO         3630    .text               mf_w.l(fepilogue.o)
    0x080007d0   0x080007d0   0x000000ba   Code   RO         3632    .text               mf_w.l(depilogue.o)
    0x0800088a   0x0800088a   0x00000002   PAD
    0x0800088c   0x0800088c   0x00000024   Code   RO         3634    .text               mc_w.l(init.o)
    0x080008b0   0x080008b0   0x00000002   Code   RO          572    i.BusFault_Handler  stm32f1xx_it.o
    0x080008b2   0x080008b2   0x00000066   Code   RO          312    i.CLEAR_HOLD_MASK   main.o
    0x08000918   0x08000918   0x00000048   Code   RO          573    i.DMA1_Channel1_IRQHandler  stm32f1xx_it.o
    0x08000960   0x08000960   0x0000000c   Code   RO          574    i.DMA1_Channel3_IRQHandler  stm32f1xx_it.o
    0x0800096c   0x0800096c   0x000001a4   Code   RO          313    i.DRAW_GRIDS        main.o
    0x08000b10   0x08000b10   0x0000006a   Code   RO          314    i.DRAW_HOLD_MASK    main.o
    0x08000b7a   0x08000b7a   0x00000002   PAD
    0x08000b7c   0x08000b7c   0x00000378   Code   RO          315    i.DRAW_STATS_WAVE   main.o
    0x08000ef4   0x08000ef4   0x0000010c   Code   RO          316    i.DRAW_TRIGGER_ICON  main.o
    0x08001000   0x08001000   0x000004a8   Code   RO          317    i.DRAW_WAVES        main.o
    0x080014a8   0x080014a8   0x000004c0   Code   RO          318    i.DRAW_WAVES_HOLD_MODE  main.o
    0x08001968   0x08001968   0x00000150   Code   RO          319    i.DRAW_WAVE_POS_ICON  main.o
    0x08001ab8   0x08001ab8   0x00000002   Code   RO          575    i.DebugMon_Handler  stm32f1xx_it.o
    0x08001aba   0x08001aba   0x00000002   PAD
    0x08001abc   0x08001abc   0x0000029c   Code   RO          576    i.EXTI15_10_IRQHandler  stm32f1xx_it.o
    0x08001d58   0x08001d58   0x00000584   Code   RO          577    i.EXTI9_5_IRQHandler  stm32f1xx_it.o
    0x080022dc   0x080022dc   0x00000002   Code   RO          320    i.Error_Handler     main.o
    0x080022de   0x080022de   0x00000002   PAD
    0x080022e0   0x080022e0   0x00000154   Code   RO         1547    i.HAL_DMA_IRQHandler  stm32f1xx_hal_dma.o
    0x08002434   0x08002434   0x0000005c   Code   RO         1548    i.HAL_DMA_Init      stm32f1xx_hal_dma.o
    0x08002490   0x08002490   0x000001e0   Code   RO         1478    i.HAL_GPIO_Init     stm32f1xx_hal_gpio.o
    0x08002670   0x08002670   0x0000000c   Code   RO         1174    i.HAL_GetTick       stm32f1xx_hal.o
    0x0800267c   0x0800267c   0x00000010   Code   RO         1180    i.HAL_IncTick       stm32f1xx_hal.o
    0x0800268c   0x0800268c   0x00000024   Code   RO         1181    i.HAL_Init          stm32f1xx_hal.o
    0x080026b0   0x080026b0   0x00000040   Code   RO         1182    i.HAL_InitTick      stm32f1xx_hal.o
    0x080026f0   0x080026f0   0x0000003c   Code   RO          707    i.HAL_MspInit       stm32f1xx_hal_msp.o
    0x0800272c   0x0800272c   0x0000001a   Code   RO         1638    i.HAL_NVIC_EnableIRQ  stm32f1xx_hal_cortex.o
    0x08002746   0x08002746   0x00000002   PAD
    0x08002748   0x08002748   0x00000040   Code   RO         1644    i.HAL_NVIC_SetPriority  stm32f1xx_hal_cortex.o
    0x08002788   0x08002788   0x00000024   Code   RO         1645    i.HAL_NVIC_SetPriorityGrouping  stm32f1xx_hal_cortex.o
    0x080027ac   0x080027ac   0x000000b2   Code   RO         2149    i.HAL_SPI_Init      stm32f1xx_hal_spi.o
    0x0800285e   0x0800285e   0x00000002   PAD
    0x08002860   0x08002860   0x000000a4   Code   RO          709    i.HAL_SPI_MspInit   stm32f1xx_hal_msp.o
    0x08002904   0x08002904   0x00000166   Code   RO         2157    i.HAL_SPI_Transmit  stm32f1xx_hal_spi.o
    0x08002a6a   0x08002a6a   0x00000028   Code   RO         1649    i.HAL_SYSTICK_Config  stm32f1xx_hal_cortex.o
    0x08002a92   0x08002a92   0x00000002   PAD
    0x08002a94   0x08002a94   0x00000068   Code   RO         3185    i.HAL_TIMEx_MasterConfigSynchronization  stm32f1xx_hal_tim_ex.o
    0x08002afc   0x08002afc   0x0000005a   Code   RO         2462    i.HAL_TIM_Base_Init  stm32f1xx_hal_tim.o
    0x08002b56   0x08002b56   0x00000002   PAD
    0x08002b58   0x08002b58   0x00000028   Code   RO          711    i.HAL_TIM_Base_MspInit  stm32f1xx_hal_msp.o
    0x08002b80   0x08002b80   0x000000d6   Code   RO         2471    i.HAL_TIM_ConfigClockSource  stm32f1xx_hal_tim.o
    0x08002c56   0x08002c56   0x00000002   PAD
    0x08002c58   0x08002c58   0x0000004c   Code   RO          712    i.HAL_TIM_MspPostInit  stm32f1xx_hal_msp.o
    0x08002ca4   0x08002ca4   0x000000c6   Code   RO         2534    i.HAL_TIM_PWM_ConfigChannel  stm32f1xx_hal_tim.o
    0x08002d6a   0x08002d6a   0x0000005a   Code   RO         2537    i.HAL_TIM_PWM_Init  stm32f1xx_hal_tim.o
    0x08002dc4   0x08002dc4   0x00000002   Code   RO         2539    i.HAL_TIM_PWM_MspInit  stm32f1xx_hal_tim.o
    0x08002dc6   0x08002dc6   0x00000002   PAD
    0x08002dc8   0x08002dc8   0x0000009c   Code   RO         2542    i.HAL_TIM_PWM_Start  stm32f1xx_hal_tim.o
    0x08002e64   0x08002e64   0x00000002   Code   RO          578    i.HardFault_Handler  stm32f1xx_it.o
    0x08002e66   0x08002e66   0x00000002   PAD
    0x08002e68   0x08002e68   0x00000040   Code   RO          851    i.LL_ADC_CommonInit  stm32f1xx_ll_adc.o
    0x08002ea8   0x08002ea8   0x0000002c   Code   RO          856    i.LL_ADC_Init       stm32f1xx_ll_adc.o
    0x08002ed4   0x08002ed4   0x00000054   Code   RO          857    i.LL_ADC_REG_Init   stm32f1xx_ll_adc.o
    0x08002f28   0x08002f28   0x00000030   Code   RO          321    i.LL_ADC_REG_SetSequencerRanks  main.o
    0x08002f58   0x08002f58   0x00000046   Code   RO          322    i.LL_ADC_SetChannelSamplingTime  main.o
    0x08002f9e   0x08002f9e   0x00000002   PAD
    0x08002fa0   0x08002fa0   0x00000018   Code   RO          323    i.LL_APB2_GRP1_EnableClock  main.o
    0x08002fb8   0x08002fb8   0x00000018   Code   RO          324    i.LL_DMA_EnableChannel  main.o
    0x08002fd0   0x08002fd0   0x0000001c   Code   RO          325    i.LL_DMA_SetDataLength  main.o
    0x08002fec   0x08002fec   0x00000010   Code   RO          579    i.LL_EXTI_DisableIT_0_31  stm32f1xx_it.o
    0x08002ffc   0x08002ffc   0x00000010   Code   RO          580    i.LL_EXTI_EnableIT_0_31  stm32f1xx_it.o
    0x0800300c   0x0800300c   0x000000a0   Code   RO         1125    i.LL_EXTI_Init      stm32f1xx_ll_exti.o
    0x080030ac   0x080030ac   0x00000014   Code   RO          581    i.LL_EXTI_IsActiveFlag_0_31  stm32f1xx_it.o
    0x080030c0   0x080030c0   0x00000024   Code   RO          326    i.LL_GPIO_AF_SetEXTISource  main.o
    0x080030e4   0x080030e4   0x000000f0   Code   RO          801    i.LL_GPIO_Init      stm32f1xx_ll_gpio.o
    0x080031d4   0x080031d4   0x0000002a   Code   RO          327    i.LL_GPIO_SetPinMode  main.o
    0x080031fe   0x080031fe   0x00000018   Code   RO          328    i.LL_GPIO_SetPinPull  main.o
    0x08003216   0x08003216   0x0000000e   Code   RO          582    i.LL_SYSTICK_EnableIT  stm32f1xx_it.o
    0x08003224   0x08003224   0x0000000c   Code   RO         1049    i.LL_SetSystemCoreClock  stm32f1xx_ll_utils.o
    0x08003230   0x08003230   0x00000068   Code   RO         3442    i.LL_TIM_Init       stm32f1xx_ll_tim.o
    0x08003298   0x08003298   0x0000001e   Code   RO         1050    i.LL_mDelay         stm32f1xx_ll_utils.o
    0x080032b6   0x080032b6   0x00000002   PAD
    0x080032b8   0x080032b8   0x000005b4   Code   RO          329    i.MARSK_SCREEN      main.o
    0x0800386c   0x0800386c   0x00000100   Code   RO          330    i.MX_ADC1_Init      main.o
    0x0800396c   0x0800396c   0x00000084   Code   RO          331    i.MX_ADC2_Init      main.o
    0x080039f0   0x080039f0   0x00000240   Code   RO          332    i.MX_GPIO_Init      main.o
    0x08003c30   0x08003c30   0x00000038   Code   RO          333    i.MX_SPI1_Init      main.o
    0x08003c68   0x08003c68   0x0000006c   Code   RO          334    i.MX_TIM3_Init      main.o
    0x08003cd4   0x08003cd4   0x00000080   Code   RO          335    i.MX_TIM4_Init      main.o
    0x08003d54   0x08003d54   0x00000002   Code   RO          583    i.MemManage_Handler  stm32f1xx_it.o
    0x08003d56   0x08003d56   0x00000002   Code   RO          584    i.NMI_Handler       stm32f1xx_it.o
    0x08003d58   0x08003d58   0x00000032   Code   RO          336    i.NVIC_EncodePriority  main.o
    0x08003d8a   0x08003d8a   0x00000002   Code   RO          585    i.PendSV_Handler    stm32f1xx_it.o
    0x08003d8c   0x08003d8c   0x00000150   Code   RO          337    i.SEARCH_TRIGGER_POINT  main.o
    0x08003edc   0x08003edc   0x00000020   Code   RO         2187    i.SPI_EndRxTxTransaction  stm32f1xx_hal_spi.o
    0x08003efc   0x08003efc   0x000000b8   Code   RO         2192    i.SPI_WaitFlagStateUntilTimeout  stm32f1xx_hal_spi.o
    0x08003fb4   0x08003fb4   0x00000060   Code   RO           35    i.ST7789_DrawFastHLine  st7789.o
    0x08004014   0x08004014   0x00000060   Code   RO           36    i.ST7789_DrawFastVLine  st7789.o
    0x08004074   0x08004074   0x00000058   Code   RO           41    i.ST7789_DrawPixel  st7789.o
    0x080040cc   0x080040cc   0x0000007c   Code   RO           43    i.ST7789_ExecuteCommandList  st7789.o
    0x08004148   0x08004148   0x000000a8   Code   RO           44    i.ST7789_FillRectangle  st7789.o
    0x080041f0   0x080041f0   0x0000006c   Code   RO           45    i.ST7789_FillScreen  st7789.o
    0x0800425c   0x0800425c   0x000000dc   Code   RO           46    i.ST7789_Init       st7789.o
    0x08004338   0x08004338   0x000000a0   Code   RO           47    i.ST7789_SetAddressWindow  st7789.o
    0x080043d8   0x080043d8   0x000000c0   Code   RO           48    i.ST7789_SetRotation  st7789.o
    0x08004498   0x08004498   0x000000dc   Code   RO           49    i.ST7789_WriteChar  st7789.o
    0x08004574   0x08004574   0x000000d8   Code   RO           51    i.ST7789_WriteNumber  st7789.o
    0x0800464c   0x0800464c   0x00000054   Code   RO           52    i.ST7789_WriteString  st7789.o
    0x080046a0   0x080046a0   0x000000e4   Code   RO          338    i.START_ADC_AGAIN   main.o
    0x08004784   0x08004784   0x00000002   Code   RO          586    i.SVC_Handler       stm32f1xx_it.o
    0x08004786   0x08004786   0x00000002   PAD
    0x08004788   0x08004788   0x00000284   Code   RO          587    i.SysTick_Handler   stm32f1xx_it.o
    0x08004a0c   0x08004a0c   0x000000a4   Code   RO          339    i.SystemClock_Config  main.o
    0x08004ab0   0x08004ab0   0x00000048   Code   RO         3536    i.SystemInit        system_stm32f1xx.o
    0x08004af8   0x08004af8   0x0000006c   Code   RO         2555    i.TIM_Base_SetConfig  stm32f1xx_hal_tim.o
    0x08004b64   0x08004b64   0x0000001a   Code   RO         2556    i.TIM_CCxChannelCmd  stm32f1xx_hal_tim.o
    0x08004b7e   0x08004b7e   0x00000014   Code   RO         2566    i.TIM_ETR_SetConfig  stm32f1xx_hal_tim.o
    0x08004b92   0x08004b92   0x00000010   Code   RO         2567    i.TIM_ITRx_SetConfig  stm32f1xx_hal_tim.o
    0x08004ba2   0x08004ba2   0x00000002   PAD
    0x08004ba4   0x08004ba4   0x00000050   Code   RO         2568    i.TIM_OC1_SetConfig  stm32f1xx_hal_tim.o
    0x08004bf4   0x08004bf4   0x00000058   Code   RO         2569    i.TIM_OC2_SetConfig  stm32f1xx_hal_tim.o
    0x08004c4c   0x08004c4c   0x00000058   Code   RO         2570    i.TIM_OC3_SetConfig  stm32f1xx_hal_tim.o
    0x08004ca4   0x08004ca4   0x00000044   Code   RO         2571    i.TIM_OC4_SetConfig  stm32f1xx_hal_tim.o
    0x08004ce8   0x08004ce8   0x00000022   Code   RO         2573    i.TIM_TI1_ConfigInputStage  stm32f1xx_hal_tim.o
    0x08004d0a   0x08004d0a   0x00000024   Code   RO         2575    i.TIM_TI2_ConfigInputStage  stm32f1xx_hal_tim.o
    0x08004d2e   0x08004d2e   0x00000002   Code   RO          588    i.UsageFault_Handler  stm32f1xx_it.o
    0x08004d30   0x08004d30   0x0000023c   Code   RO          340    i.WAVE_INFO_CALCULATOR  main.o
    0x08004f6c   0x08004f6c   0x000000dc   Code   RO          341    i.XY_DRAW           main.o
    0x08005048   0x08005048   0x00000198   Code   RO          342    i.ZOOM_DATA         main.o
    0x080051e0   0x080051e0   0x0000001a   Code   RO          343    i.__NVIC_EnableIRQ  main.o
    0x080051fa   0x080051fa   0x00000020   Code   RO          344    i.__NVIC_SetPriority  main.o
    0x0800521a   0x0800521a   0x00000020   Code   RO         1651    i.__NVIC_SetPriority  stm32f1xx_hal_cortex.o
    0x0800523a   0x0800523a   0x0000000e   Code   RO         3638    i.__scatterload_copy  mc_w.l(handlers.o)
    0x08005248   0x08005248   0x00000002   Code   RO         3639    i.__scatterload_null  mc_w.l(handlers.o)
    0x0800524a   0x0800524a   0x0000000e   Code   RO         3640    i.__scatterload_zeroinit  mc_w.l(handlers.o)
    0x08005258   0x08005258   0x0000054c   Code   RO          345    i.main              main.o
    0x080057a4   0x080057a4   0x00000058   Code   RO          346    i.plotLineSegment   main.o
    0x080057fc   0x080057fc   0x00000030   Code   RO          347    i.sum3              main.o
    0x0800582c   0x0800582c   0x0000076c   Data   RO           10    .constdata          fonts.o
    0x08005f98   0x08005f98   0x0000134c   Data   RO           12    .constdata          fonts.o
    0x080072e4   0x080072e4   0x00000023   Data   RO           55    .constdata          st7789.o
    0x08007307   0x08007307   0x00000001   PAD
    0x08007308   0x08007308   0x00000054   Data   RO          350    .constdata          main.o
    0x0800735c   0x0800735c   0x00000020   Data   RO         3636    Region$$Table       anon$$obj.o


    Execution Region RW_IRAM1 (Exec base: 0x20000000, Load base: 0x0800737c, Size: 0x00004d60, Max: 0x00005000, ABSOLUTE)

    Exec Addr    Load Addr    Size         Type   Attr      Idx    E Section Name        Object

    0x20000000   0x0800737c   0x00000008   Data   RW           13    .data               fonts.o
    0x20000008   0x08007384   0x00000008   Data   RW           15    .data               fonts.o
    0x20000010   0x0800738c   0x00000064   Data   RW          351    .data               main.o
    0x20000074   0x080073f0   0x00000001   Data   RW          352    .data               main.o
    0x20000075   0x080073f1   0x00000003   PAD
    0x20000078   0x080073f4   0x00000024   Data   RW          589    .data               stm32f1xx_it.o
    0x2000009c   0x08007418   0x0000000c   Data   RW         1188    .data               stm32f1xx_hal.o
    0x200000a8   0x08007424   0x00000004   Data   RW         3539    .data               system_stm32f1xx.o
    0x200000ac        -       0x00004870   Zero   RW          348    .bss                main.o
    0x2000491c        -       0x00000044   Zero   RW          349    .bss                main.o
    0x20004960        -       0x00000400   Zero   RW            1    STACK               startup_stm32f103xb.o


==============================================================================

Image component sizes


      Code (inc. data)   RO Data    RW Data    ZI Data      Debug   Object Name

         0          0       6840         16          0       5658   fonts.o
     11070       1064         84        101      18612     145463   main.o
      1772        170         35          0          0     403070   st7789.o
        36          8        236          0       1024        832   startup_stm32f103xb.o
       128         24          0         12          0       5509   stm32f1xx_hal.o
       198         14          0          0          0      29127   stm32f1xx_hal_cortex.o
       432         32          0          0          0       2088   stm32f1xx_hal_dma.o
       480         34          0          0          0       2324   stm32f1xx_hal_gpio.o
       340         56          0          0          0       3060   stm32f1xx_hal_msp.o
       752          4          0          0          0       4550   stm32f1xx_hal_spi.o
      1314         46          0          0          0      12700   stm32f1xx_hal_tim.o
       104         12          0          0          0       1388   stm32f1xx_hal_tim_ex.o
      2890        330          0         36          0      52831   stm32f1xx_it.o
       192         14          0          0          0      38712   stm32f1xx_ll_adc.o
       160          4          0          0          0       4975   stm32f1xx_ll_exti.o
       240          0          0          0          0      10471   stm32f1xx_ll_gpio.o
       104         12          0          0          0      29966   stm32f1xx_ll_tim.o
        42          6          0          0          0       5228   stm32f1xx_ll_utils.o
        72         16          0          4          0       1275   system_stm32f1xx.o

    ----------------------------------------------------------------------
     20354       1846       7228        172      19636     759227   Object Totals
         0          0         32          0          0          0   (incl. Generated)
        28          0          1          3          0          0   (incl. Padding)

    ----------------------------------------------------------------------

      Code (inc. data)   RO Data    RW Data    ZI Data      Debug   Library Member Name

         0          0          0          0          0          0   entry.o
         0          0          0          0          0          0   entry10a.o
         0          0          0          0          0          0   entry11a.o
         4          0          0          0          0          0   entry12b.o
         8          4          0          0          0          0   entry2.o
         4          0          0          0          0          0   entry5.o
         0          0          0          0          0          0   entry7b.o
         0          0          0          0          0          0   entry8b.o
         8          4          0          0          0          0   entry9a.o
        30          0          0          0          0          0   handlers.o
        36          8          0          0          0         68   init.o
         0          0          0          0          0          0   iusefp.o
        30          0          0          0          0         68   llshl.o
        36          0          0          0          0         68   llsshr.o
        32          0          0          0          0         68   llushr.o
        36          0          0          0          0        108   memseta.o
       334          0          0          0          0        148   dadd.o
       222          0          0          0          0        100   ddiv.o
       186          0          0          0          0        176   depilogue.o
        62          0          0          0          0         80   dfixi.o
        34          0          0          0          0         76   dflti.o
       228          0          0          0          0         96   dmul.o
        38          0          0          0          0         68   f2d.o
       176          0          0          0          0        140   fadd.o
       124          0          0          0          0         88   fdiv.o
       110          0          0          0          0        168   fepilogue.o
        50          0          0          0          0         68   ffixi.o
        40          0          0          0          0         68   ffixui.o
        18          0          0          0          0         68   fflti.o
        10          0          0          0          0         68   ffltui.o
       100          0          0          0          0         76   fmul.o
        24          0          0          0          0         68   fscalb.o

    ----------------------------------------------------------------------
      1982         16          0          0          0       1936   Library Totals
         2          0          0          0          0          0   (incl. Padding)

    ----------------------------------------------------------------------

      Code (inc. data)   RO Data    RW Data    ZI Data      Debug   Library Name

       224         16          0          0          0        380   mc_w.l
      1756          0          0          0          0       1556   mf_w.l

    ----------------------------------------------------------------------
      1982         16          0          0          0       1936   Library Totals

    ----------------------------------------------------------------------

==============================================================================


      Code (inc. data)   RO Data    RW Data    ZI Data      Debug   

     22336       1862       7228        172      19636     754711   Grand Totals
     22336       1862       7228        172      19636     754711   ELF Image Totals
     22336       1862       7228        172          0          0   ROM Totals

==============================================================================

    Total RO  Size (Code + RO Data)                29564 (  28.87kB)
    Total RW  Size (RW Data + ZI Data)             19808 (  19.34kB)
    Total ROM Size (Code + RO Data + RW Data)      29736 (  29.04kB)

==============================================================================

